[2025-09-24T19:10:31.183+0300][gc,init] CardTable entry size: 512
[2025-09-24T19:10:31.183+0300][gc     ] Using G1
[2025-09-24T19:10:31.186+0300][gc,init] Version: 21.0.8+9-Ubuntu-0ubuntu124.04.1 (release)
[2025-09-24T19:10:31.186+0300][gc,init] CPUs: 28 total, 28 available
[2025-09-24T19:10:31.186+0300][gc,init] Memory: 15902M
[2025-09-24T19:10:31.186+0300][gc,init] Large Page Support: Disabled
[2025-09-24T19:10:31.186+0300][gc,init] NUMA Support: Disabled
[2025-09-24T19:10:31.186+0300][gc,init] Compressed Oops: Enabled (32-bit)
[2025-09-24T19:10:31.186+0300][gc,init] Heap Region Size: 1M
[2025-09-24T19:10:31.186+0300][gc,init] Heap Min Capacity: 1G
[2025-09-24T19:10:31.186+0300][gc,init] Heap Initial Capacity: 1G
[2025-09-24T19:10:31.186+0300][gc,init] Heap Max Capacity: 1G
[2025-09-24T19:10:31.186+0300][gc,init] Pre-touch: Disabled
[2025-09-24T19:10:31.186+0300][gc,init] Parallel Workers: 20
[2025-09-24T19:10:31.186+0300][gc,init] Concurrent Workers: 5
[2025-09-24T19:10:31.186+0300][gc,init] Concurrent Refinement Workers: 20
[2025-09-24T19:10:31.186+0300][gc,init] Periodic GC: Disabled
[2025-09-24T19:10:31.189+0300][gc,metaspace] CDS archive(s) mapped at: [0x00007f542f000000-0x00007f542fca0000-0x00007f542fca0000), size 13238272, SharedBaseAddress: 0x00007f542f000000, ArchiveRelocationMode: 1.
[2025-09-24T19:10:31.189+0300][gc,metaspace] Compressed class space mapped at: 0x00007f5430000000-0x00007f5470000000, reserved size: 1073741824
[2025-09-24T19:10:31.189+0300][gc,metaspace] Narrow klass base: 0x00007f542f000000, Narrow klass shift: 0, Narrow klass range: 0x100000000
[2025-09-24T19:10:31.591+0300][gc,start    ] GC(0) Pause Young (Normal) (G1 Evacuation Pause)
[2025-09-24T19:10:31.592+0300][gc,task     ] GC(0) Using 20 workers of 20 for evacuation
[2025-09-24T19:10:31.596+0300][gc,phases   ] GC(0)   Pre Evacuate Collection Set: 0.2ms
[2025-09-24T19:10:31.596+0300][gc,phases   ] GC(0)   Merge Heap Roots: 0.1ms
[2025-09-24T19:10:31.596+0300][gc,phases   ] GC(0)   Evacuate Collection Set: 2.6ms
[2025-09-24T19:10:31.596+0300][gc,phases   ] GC(0)   Post Evacuate Collection Set: 0.9ms
[2025-09-24T19:10:31.596+0300][gc,phases   ] GC(0)   Other: 1.2ms
[2025-09-24T19:10:31.596+0300][gc,heap     ] GC(0) Eden regions: 51->0(44)
[2025-09-24T19:10:31.596+0300][gc,heap     ] GC(0) Survivor regions: 0->7(7)
[2025-09-24T19:10:31.596+0300][gc,heap     ] GC(0) Old regions: 2->4
[2025-09-24T19:10:31.596+0300][gc,heap     ] GC(0) Humongous regions: 0->0
[2025-09-24T19:10:31.596+0300][gc,metaspace] GC(0) Metaspace: 17755K(17984K)->17755K(17984K) NonClass: 15785K(15872K)->15785K(15872K) Class: 1970K(2112K)->1970K(2112K)
[2025-09-24T19:10:31.596+0300][gc          ] GC(0) Pause Young (Normal) (G1 Evacuation Pause) 52M->9M(1024M) 5.172ms
[2025-09-24T19:10:31.596+0300][gc,cpu      ] GC(0) User=0.03s Sys=0.01s Real=0.01s
[2025-09-24T19:10:31.646+0300][gc,start    ] GC(1) Pause Young (Concurrent Start) (Metadata GC Threshold)
[2025-09-24T19:10:31.646+0300][gc,task     ] GC(1) Using 20 workers of 20 for evacuation
[2025-09-24T19:10:31.650+0300][gc,phases   ] GC(1)   Pre Evacuate Collection Set: 0.2ms
[2025-09-24T19:10:31.650+0300][gc,phases   ] GC(1)   Merge Heap Roots: 0.1ms
[2025-09-24T19:10:31.650+0300][gc,phases   ] GC(1)   Evacuate Collection Set: 2.5ms
[2025-09-24T19:10:31.650+0300][gc,phases   ] GC(1)   Post Evacuate Collection Set: 0.5ms
[2025-09-24T19:10:31.650+0300][gc,phases   ] GC(1)   Other: 0.0ms
[2025-09-24T19:10:31.650+0300][gc,heap     ] GC(1) Eden regions: 12->0(50)
[2025-09-24T19:10:31.650+0300][gc,heap     ] GC(1) Survivor regions: 7->1(7)
[2025-09-24T19:10:31.650+0300][gc,heap     ] GC(1) Old regions: 4->11
[2025-09-24T19:10:31.650+0300][gc,heap     ] GC(1) Humongous regions: 0->0
[2025-09-24T19:10:31.650+0300][gc,metaspace] GC(1) Metaspace: 21309K(21504K)->21309K(21504K) NonClass: 19095K(19200K)->19095K(19200K) Class: 2213K(2304K)->2213K(2304K)
[2025-09-24T19:10:31.650+0300][gc          ] GC(1) Pause Young (Concurrent Start) (Metadata GC Threshold) 21M->10M(1024M) 3.474ms
[2025-09-24T19:10:31.650+0300][gc,cpu      ] GC(1) User=0.04s Sys=0.01s Real=0.00s
[2025-09-24T19:10:31.650+0300][gc          ] GC(2) Concurrent Mark Cycle
[2025-09-24T19:10:31.650+0300][gc,marking  ] GC(2) Concurrent Scan Root Regions
[2025-09-24T19:10:31.651+0300][gc,marking  ] GC(2) Concurrent Scan Root Regions 1.049ms
[2025-09-24T19:10:31.651+0300][gc,marking  ] GC(2) Concurrent Mark
[2025-09-24T19:10:31.651+0300][gc,marking  ] GC(2) Concurrent Mark From Roots
[2025-09-24T19:10:31.651+0300][gc,task     ] GC(2) Using 5 workers of 5 for marking
[2025-09-24T19:10:31.652+0300][gc,marking  ] GC(2) Concurrent Mark From Roots 0.786ms
[2025-09-24T19:10:31.652+0300][gc,marking  ] GC(2) Concurrent Preclean
[2025-09-24T19:10:31.652+0300][gc,marking  ] GC(2) Concurrent Preclean 0.006ms
[2025-09-24T19:10:31.652+0300][gc,start    ] GC(2) Pause Remark
[2025-09-24T19:10:31.653+0300][gc          ] GC(2) Pause Remark 10M->10M(1024M) 1.516ms
[2025-09-24T19:10:31.653+0300][gc,cpu      ] GC(2) User=0.01s Sys=0.00s Real=0.00s
[2025-09-24T19:10:31.654+0300][gc,marking  ] GC(2) Concurrent Mark 2.417ms
[2025-09-24T19:10:31.654+0300][gc,marking  ] GC(2) Concurrent Rebuild Remembered Sets and Scrub Regions
[2025-09-24T19:10:31.654+0300][gc,marking  ] GC(2) Concurrent Rebuild Remembered Sets and Scrub Regions 0.516ms
[2025-09-24T19:10:31.654+0300][gc,start    ] GC(2) Pause Cleanup
[2025-09-24T19:10:31.654+0300][gc          ] GC(2) Pause Cleanup 11M->11M(1024M) 0.171ms
[2025-09-24T19:10:31.654+0300][gc,cpu      ] GC(2) User=0.00s Sys=0.00s Real=0.00s
[2025-09-24T19:10:31.654+0300][gc,marking  ] GC(2) Concurrent Clear Claimed Marks
[2025-09-24T19:10:31.654+0300][gc,marking  ] GC(2) Concurrent Clear Claimed Marks 0.037ms
[2025-09-24T19:10:31.654+0300][gc,marking  ] GC(2) Concurrent Cleanup for Next Mark
[2025-09-24T19:10:31.655+0300][gc,marking  ] GC(2) Concurrent Cleanup for Next Mark 0.750ms
[2025-09-24T19:10:31.655+0300][gc          ] GC(2) Concurrent Mark Cycle 5.256ms
[2025-09-24T19:10:31.964+0300][gc,start    ] GC(3) Pause Young (Prepare Mixed) (G1 Evacuation Pause)
[2025-09-24T19:10:31.964+0300][gc,task     ] GC(3) Using 20 workers of 20 for evacuation
[2025-09-24T19:10:31.966+0300][gc,phases   ] GC(3)   Pre Evacuate Collection Set: 0.2ms
[2025-09-24T19:10:31.966+0300][gc,phases   ] GC(3)   Merge Heap Roots: 0.2ms
[2025-09-24T19:10:31.966+0300][gc,phases   ] GC(3)   Evacuate Collection Set: 1.0ms
[2025-09-24T19:10:31.966+0300][gc,phases   ] GC(3)   Post Evacuate Collection Set: 0.5ms
[2025-09-24T19:10:31.966+0300][gc,phases   ] GC(3)   Other: 0.0ms
[2025-09-24T19:10:31.966+0300][gc,heap     ] GC(3) Eden regions: 50->0(47)
[2025-09-24T19:10:31.966+0300][gc,heap     ] GC(3) Survivor regions: 1->4(7)
[2025-09-24T19:10:31.966+0300][gc,heap     ] GC(3) Old regions: 11->11
[2025-09-24T19:10:31.966+0300][gc,heap     ] GC(3) Humongous regions: 0->0
[2025-09-24T19:10:31.966+0300][gc,metaspace] GC(3) Metaspace: 29896K(30144K)->29896K(30144K) NonClass: 26623K(26752K)->26623K(26752K) Class: 3273K(3392K)->3273K(3392K)
[2025-09-24T19:10:31.966+0300][gc          ] GC(3) Pause Young (Prepare Mixed) (G1 Evacuation Pause) 60M->12M(1024M) 2.018ms
[2025-09-24T19:10:31.966+0300][gc,cpu      ] GC(3) User=0.01s Sys=0.00s Real=0.00s
[2025-09-24T19:10:32.141+0300][gc,start    ] GC(4) Pause Young (Mixed) (Metadata GC Threshold)
[2025-09-24T19:10:32.141+0300][gc,task     ] GC(4) Using 20 workers of 20 for evacuation
[2025-09-24T19:10:32.144+0300][gc,phases   ] GC(4)   Pre Evacuate Collection Set: 0.3ms
[2025-09-24T19:10:32.144+0300][gc,phases   ] GC(4)   Merge Heap Roots: 0.1ms
[2025-09-24T19:10:32.144+0300][gc,phases   ] GC(4)   Evacuate Collection Set: 1.5ms
[2025-09-24T19:10:32.144+0300][gc,phases   ] GC(4)   Post Evacuate Collection Set: 0.6ms
[2025-09-24T19:10:32.144+0300][gc,phases   ] GC(4)   Other: 0.0ms
[2025-09-24T19:10:32.144+0300][gc,heap     ] GC(4) Eden regions: 47->0(44)
[2025-09-24T19:10:32.144+0300][gc,heap     ] GC(4) Survivor regions: 4->7(7)
[2025-09-24T19:10:32.144+0300][gc,heap     ] GC(4) Old regions: 11->10
[2025-09-24T19:10:32.144+0300][gc,heap     ] GC(4) Humongous regions: 11->9
[2025-09-24T19:10:32.144+0300][gc,metaspace] GC(4) Metaspace: 35798K(36160K)->35798K(36160K) NonClass: 31891K(32064K)->31891K(32064K) Class: 3907K(4096K)->3907K(4096K)
[2025-09-24T19:10:32.144+0300][gc          ] GC(4) Pause Young (Mixed) (Metadata GC Threshold) 69M->25M(1024M) 2.644ms
[2025-09-24T19:10:32.144+0300][gc,cpu      ] GC(4) User=0.02s Sys=0.01s Real=0.01s
[2025-09-24T19:10:32.152+0300][gc,start    ] GC(5) Pause Young (Concurrent Start) (Metadata GC Threshold)
[2025-09-24T19:10:32.152+0300][gc,task     ] GC(5) Using 20 workers of 20 for evacuation
[2025-09-24T19:10:32.156+0300][gc,phases   ] GC(5)   Pre Evacuate Collection Set: 0.3ms
[2025-09-24T19:10:32.156+0300][gc,phases   ] GC(5)   Merge Heap Roots: 0.1ms
[2025-09-24T19:10:32.156+0300][gc,phases   ] GC(5)   Evacuate Collection Set: 2.6ms
[2025-09-24T19:10:32.156+0300][gc,phases   ] GC(5)   Post Evacuate Collection Set: 0.5ms
[2025-09-24T19:10:32.156+0300][gc,phases   ] GC(5)   Other: 0.1ms
[2025-09-24T19:10:32.156+0300][gc,heap     ] GC(5) Eden regions: 2->0(50)
[2025-09-24T19:10:32.156+0300][gc,heap     ] GC(5) Survivor regions: 7->1(7)
[2025-09-24T19:10:32.156+0300][gc,heap     ] GC(5) Old regions: 10->17
[2025-09-24T19:10:32.156+0300][gc,heap     ] GC(5) Humongous regions: 9->9
[2025-09-24T19:10:32.156+0300][gc,metaspace] GC(5) Metaspace: 36142K(36480K)->36142K(36480K) NonClass: 32219K(32384K)->32219K(32384K) Class: 3923K(4096K)->3923K(4096K)
[2025-09-24T19:10:32.156+0300][gc          ] GC(5) Pause Young (Concurrent Start) (Metadata GC Threshold) 26M->26M(1024M) 3.711ms
[2025-09-24T19:10:32.156+0300][gc          ] GC(6) Concurrent Mark Cycle
[2025-09-24T19:10:32.156+0300][gc,marking  ] GC(6) Concurrent Scan Root Regions
[2025-09-24T19:10:32.156+0300][gc,cpu      ] GC(5) User=0.04s Sys=0.01s Real=0.00s
[2025-09-24T19:10:32.157+0300][gc,marking  ] GC(6) Concurrent Scan Root Regions 1.001ms
[2025-09-24T19:10:32.157+0300][gc,marking  ] GC(6) Concurrent Mark
[2025-09-24T19:10:32.157+0300][gc,marking  ] GC(6) Concurrent Mark From Roots
[2025-09-24T19:10:32.157+0300][gc,task     ] GC(6) Using 5 workers of 5 for marking
[2025-09-24T19:10:32.159+0300][gc,marking  ] GC(6) Concurrent Mark From Roots 1.922ms
[2025-09-24T19:10:32.159+0300][gc,marking  ] GC(6) Concurrent Preclean
[2025-09-24T19:10:32.159+0300][gc,marking  ] GC(6) Concurrent Preclean 0.023ms
[2025-09-24T19:10:32.159+0300][gc,start    ] GC(6) Pause Remark
[2025-09-24T19:10:32.161+0300][gc          ] GC(6) Pause Remark 26M->26M(1024M) 1.775ms
[2025-09-24T19:10:32.161+0300][gc,cpu      ] GC(6) User=0.02s Sys=0.00s Real=0.00s
[2025-09-24T19:10:32.161+0300][gc,marking  ] GC(6) Concurrent Mark 4.110ms
[2025-09-24T19:10:32.161+0300][gc,marking  ] GC(6) Concurrent Rebuild Remembered Sets and Scrub Regions
[2025-09-24T19:10:32.163+0300][gc,marking  ] GC(6) Concurrent Rebuild Remembered Sets and Scrub Regions 1.568ms
[2025-09-24T19:10:32.163+0300][gc,start    ] GC(6) Pause Cleanup
[2025-09-24T19:10:32.163+0300][gc          ] GC(6) Pause Cleanup 26M->26M(1024M) 0.209ms
[2025-09-24T19:10:32.163+0300][gc,cpu      ] GC(6) User=0.00s Sys=0.00s Real=0.00s
[2025-09-24T19:10:32.163+0300][gc,marking  ] GC(6) Concurrent Clear Claimed Marks
[2025-09-24T19:10:32.163+0300][gc,marking  ] GC(6) Concurrent Clear Claimed Marks 0.062ms
[2025-09-24T19:10:32.163+0300][gc,marking  ] GC(6) Concurrent Cleanup for Next Mark
[2025-09-24T19:10:32.163+0300][gc,marking  ] GC(6) Concurrent Cleanup for Next Mark 0.389ms
[2025-09-24T19:10:32.163+0300][gc          ] GC(6) Concurrent Mark Cycle 7.621ms
[2025-09-24T19:10:36.723+0300][gc,start    ] GC(7) Pause Young (Prepare Mixed) (G1 Evacuation Pause)
[2025-09-24T19:10:36.723+0300][gc,task     ] GC(7) Using 20 workers of 20 for evacuation
[2025-09-24T19:10:36.741+0300][gc,phases   ] GC(7)   Pre Evacuate Collection Set: 0.3ms
[2025-09-24T19:10:36.741+0300][gc,phases   ] GC(7)   Merge Heap Roots: 0.2ms
[2025-09-24T19:10:36.741+0300][gc,phases   ] GC(7)   Evacuate Collection Set: 16.0ms
[2025-09-24T19:10:36.741+0300][gc,phases   ] GC(7)   Post Evacuate Collection Set: 1.1ms
[2025-09-24T19:10:36.741+0300][gc,phases   ] GC(7)   Other: 0.1ms
[2025-09-24T19:10:36.741+0300][gc,heap     ] GC(7) Eden regions: 50->0(47)
[2025-09-24T19:10:36.741+0300][gc,heap     ] GC(7) Survivor regions: 1->4(7)
[2025-09-24T19:10:36.741+0300][gc,heap     ] GC(7) Old regions: 17->17
[2025-09-24T19:10:36.741+0300][gc,heap     ] GC(7) Humongous regions: 162->138
[2025-09-24T19:10:36.741+0300][gc,metaspace] GC(7) Metaspace: 41254K(41792K)->41254K(41792K) NonClass: 36644K(36928K)->36644K(36928K) Class: 4609K(4864K)->4609K(4864K)
[2025-09-24T19:10:36.741+0300][gc          ] GC(7) Pause Young (Prepare Mixed) (G1 Evacuation Pause) 229M->157M(1024M) 17.953ms
[2025-09-24T19:10:36.741+0300][gc,cpu      ] GC(7) User=0.01s Sys=0.02s Real=0.02s
[2025-09-24T19:13:37.558+0300][gc,start    ] GC(8) Pause Young (Mixed) (G1 Evacuation Pause)
[2025-09-24T19:13:37.558+0300][gc,task     ] GC(8) Using 20 workers of 20 for evacuation
[2025-09-24T19:13:37.564+0300][gc,phases   ] GC(8)   Pre Evacuate Collection Set: 0.6ms
[2025-09-24T19:13:37.564+0300][gc,phases   ] GC(8)   Merge Heap Roots: 0.3ms
[2025-09-24T19:13:37.564+0300][gc,phases   ] GC(8)   Evacuate Collection Set: 4.2ms
[2025-09-24T19:13:37.564+0300][gc,phases   ] GC(8)   Post Evacuate Collection Set: 0.7ms
[2025-09-24T19:13:37.564+0300][gc,phases   ] GC(8)   Other: 0.1ms
[2025-09-24T19:13:37.564+0300][gc,heap     ] GC(8) Eden regions: 47->0(44)
[2025-09-24T19:13:37.564+0300][gc,heap     ] GC(8) Survivor regions: 4->7(7)
[2025-09-24T19:13:37.564+0300][gc,heap     ] GC(8) Old regions: 17->16
[2025-09-24T19:13:37.564+0300][gc,heap     ] GC(8) Humongous regions: 138->138
[2025-09-24T19:13:37.564+0300][gc,metaspace] GC(8) Metaspace: 44957K(45632K)->44957K(45632K) NonClass: 39879K(40256K)->39879K(40256K) Class: 5077K(5376K)->5077K(5376K)
[2025-09-24T19:13:37.564+0300][gc          ] GC(8) Pause Young (Mixed) (G1 Evacuation Pause) 204M->160M(1024M) 6.132ms
[2025-09-24T19:13:37.564+0300][gc,cpu      ] GC(8) User=0.03s Sys=0.02s Real=0.01s
[2025-09-24T19:14:45.301+0300][gc,heap,exit] Heap
[2025-09-24T19:14:45.301+0300][gc,heap,exit]  garbage-first heap   total 1048576K, used 196417K [0x00000000c0000000, 0x0000000100000000)
[2025-09-24T19:14:45.301+0300][gc,heap,exit]   region size 1024K, 38 young (38912K), 7 survivors (7168K)
[2025-09-24T19:14:45.301+0300][gc,heap,exit]  Metaspace       used 45991K, committed 46656K, reserved 1114112K
[2025-09-24T19:14:45.301+0300][gc,heap,exit]   class space    used 5290K, committed 5568K, reserved 1048576K
