[2025-09-24T19:08:10.672+0300][gc,init] CardTable entry size: 512
[2025-09-24T19:08:10.672+0300][gc     ] Using G1
[2025-09-24T19:08:10.675+0300][gc,init] Version: 21.0.8+9-Ubuntu-0ubuntu124.04.1 (release)
[2025-09-24T19:08:10.675+0300][gc,init] CPUs: 28 total, 28 available
[2025-09-24T19:08:10.675+0300][gc,init] Memory: 15902M
[2025-09-24T19:08:10.675+0300][gc,init] Large Page Support: Disabled
[2025-09-24T19:08:10.675+0300][gc,init] NUMA Support: Disabled
[2025-09-24T19:08:10.675+0300][gc,init] Compressed Oops: Enabled (32-bit)
[2025-09-24T19:08:10.675+0300][gc,init] Heap Region Size: 1M
[2025-09-24T19:08:10.675+0300][gc,init] Heap Min Capacity: 1G
[2025-09-24T19:08:10.675+0300][gc,init] Heap Initial Capacity: 1G
[2025-09-24T19:08:10.675+0300][gc,init] Heap Max Capacity: 1G
[2025-09-24T19:08:10.675+0300][gc,init] Pre-touch: Disabled
[2025-09-24T19:08:10.675+0300][gc,init] Parallel Workers: 20
[2025-09-24T19:08:10.675+0300][gc,init] Concurrent Workers: 5
[2025-09-24T19:08:10.675+0300][gc,init] Concurrent Refinement Workers: 20
[2025-09-24T19:08:10.675+0300][gc,init] Periodic GC: Disabled
[2025-09-24T19:08:10.679+0300][gc,metaspace] CDS archive(s) mapped at: [0x00007f4c2f000000-0x00007f4c2fca0000-0x00007f4c2fca0000), size 13238272, SharedBaseAddress: 0x00007f4c2f000000, ArchiveRelocationMode: 1.
[2025-09-24T19:08:10.679+0300][gc,metaspace] Compressed class space mapped at: 0x00007f4c30000000-0x00007f4c70000000, reserved size: 1073741824
[2025-09-24T19:08:10.679+0300][gc,metaspace] Narrow klass base: 0x00007f4c2f000000, Narrow klass shift: 0, Narrow klass range: 0x100000000
[2025-09-24T19:08:11.122+0300][gc,start    ] GC(0) Pause Young (Normal) (G1 Evacuation Pause)
[2025-09-24T19:08:11.123+0300][gc,task     ] GC(0) Using 20 workers of 20 for evacuation
[2025-09-24T19:08:11.127+0300][gc,phases   ] GC(0)   Pre Evacuate Collection Set: 0.2ms
[2025-09-24T19:08:11.127+0300][gc,phases   ] GC(0)   Merge Heap Roots: 0.2ms
[2025-09-24T19:08:11.127+0300][gc,phases   ] GC(0)   Evacuate Collection Set: 2.6ms
[2025-09-24T19:08:11.127+0300][gc,phases   ] GC(0)   Post Evacuate Collection Set: 1.0ms
[2025-09-24T19:08:11.127+0300][gc,phases   ] GC(0)   Other: 1.2ms
[2025-09-24T19:08:11.127+0300][gc,heap     ] GC(0) Eden regions: 51->0(44)
[2025-09-24T19:08:11.127+0300][gc,heap     ] GC(0) Survivor regions: 0->7(7)
[2025-09-24T19:08:11.127+0300][gc,heap     ] GC(0) Old regions: 2->4
[2025-09-24T19:08:11.127+0300][gc,heap     ] GC(0) Humongous regions: 0->0
[2025-09-24T19:08:11.127+0300][gc,metaspace] GC(0) Metaspace: 17729K(17984K)->17729K(17984K) NonClass: 15760K(15872K)->15760K(15872K) Class: 1968K(2112K)->1968K(2112K)
[2025-09-24T19:08:11.127+0300][gc          ] GC(0) Pause Young (Normal) (G1 Evacuation Pause) 52M->9M(1024M) 5.307ms
[2025-09-24T19:08:11.127+0300][gc,cpu      ] GC(0) User=0.02s Sys=0.03s Real=0.01s
[2025-09-24T19:08:11.176+0300][gc,start    ] GC(1) Pause Young (Concurrent Start) (Metadata GC Threshold)
[2025-09-24T19:08:11.176+0300][gc,task     ] GC(1) Using 20 workers of 20 for evacuation
[2025-09-24T19:08:11.181+0300][gc,phases   ] GC(1)   Pre Evacuate Collection Set: 0.4ms
[2025-09-24T19:08:11.181+0300][gc,phases   ] GC(1)   Merge Heap Roots: 0.2ms
[2025-09-24T19:08:11.181+0300][gc,phases   ] GC(1)   Evacuate Collection Set: 3.4ms
[2025-09-24T19:08:11.181+0300][gc,phases   ] GC(1)   Post Evacuate Collection Set: 0.5ms
[2025-09-24T19:08:11.181+0300][gc,phases   ] GC(1)   Other: 0.1ms
[2025-09-24T19:08:11.181+0300][gc,heap     ] GC(1) Eden regions: 12->0(49)
[2025-09-24T19:08:11.181+0300][gc,heap     ] GC(1) Survivor regions: 7->2(7)
[2025-09-24T19:08:11.181+0300][gc,heap     ] GC(1) Old regions: 4->11
[2025-09-24T19:08:11.181+0300][gc,heap     ] GC(1) Humongous regions: 0->0
[2025-09-24T19:08:11.181+0300][gc,metaspace] GC(1) Metaspace: 21308K(21504K)->21308K(21504K) NonClass: 19094K(19200K)->19094K(19200K) Class: 2213K(2304K)->2213K(2304K)
[2025-09-24T19:08:11.181+0300][gc          ] GC(1) Pause Young (Concurrent Start) (Metadata GC Threshold) 21M->10M(1024M) 4.722ms
[2025-09-24T19:08:11.181+0300][gc,cpu      ] GC(1) User=0.05s Sys=0.01s Real=0.00s
[2025-09-24T19:08:11.181+0300][gc          ] GC(2) Concurrent Mark Cycle
[2025-09-24T19:08:11.181+0300][gc,marking  ] GC(2) Concurrent Scan Root Regions
[2025-09-24T19:08:11.182+0300][gc,marking  ] GC(2) Concurrent Scan Root Regions 0.979ms
[2025-09-24T19:08:11.182+0300][gc,marking  ] GC(2) Concurrent Mark
[2025-09-24T19:08:11.182+0300][gc,marking  ] GC(2) Concurrent Mark From Roots
[2025-09-24T19:08:11.182+0300][gc,task     ] GC(2) Using 5 workers of 5 for marking
[2025-09-24T19:08:11.183+0300][gc,marking  ] GC(2) Concurrent Mark From Roots 0.803ms
[2025-09-24T19:08:11.183+0300][gc,marking  ] GC(2) Concurrent Preclean
[2025-09-24T19:08:11.183+0300][gc,marking  ] GC(2) Concurrent Preclean 0.045ms
[2025-09-24T19:08:11.183+0300][gc,start    ] GC(2) Pause Remark
[2025-09-24T19:08:11.184+0300][gc          ] GC(2) Pause Remark 11M->11M(1024M) 1.520ms
[2025-09-24T19:08:11.184+0300][gc,cpu      ] GC(2) User=0.00s Sys=0.00s Real=0.00s
[2025-09-24T19:08:11.184+0300][gc,marking  ] GC(2) Concurrent Mark 2.605ms
[2025-09-24T19:08:11.184+0300][gc,marking  ] GC(2) Concurrent Rebuild Remembered Sets and Scrub Regions
[2025-09-24T19:08:11.185+0300][gc,marking  ] GC(2) Concurrent Rebuild Remembered Sets and Scrub Regions 0.664ms
[2025-09-24T19:08:11.185+0300][gc,start    ] GC(2) Pause Cleanup
[2025-09-24T19:08:11.185+0300][gc          ] GC(2) Pause Cleanup 11M->11M(1024M) 0.190ms
[2025-09-24T19:08:11.185+0300][gc,cpu      ] GC(2) User=0.01s Sys=0.01s Real=0.00s
[2025-09-24T19:08:11.186+0300][gc,marking  ] GC(2) Concurrent Clear Claimed Marks
[2025-09-24T19:08:11.186+0300][gc,marking  ] GC(2) Concurrent Clear Claimed Marks 0.028ms
[2025-09-24T19:08:11.186+0300][gc,marking  ] GC(2) Concurrent Cleanup for Next Mark
[2025-09-24T19:08:11.186+0300][gc,marking  ] GC(2) Concurrent Cleanup for Next Mark 0.805ms
[2025-09-24T19:08:11.186+0300][gc          ] GC(2) Concurrent Mark Cycle 5.610ms
[2025-09-24T19:08:11.488+0300][gc,start    ] GC(3) Pause Young (Prepare Mixed) (G1 Evacuation Pause)
[2025-09-24T19:08:11.488+0300][gc,task     ] GC(3) Using 20 workers of 20 for evacuation
[2025-09-24T19:08:11.490+0300][gc,phases   ] GC(3)   Pre Evacuate Collection Set: 0.2ms
[2025-09-24T19:08:11.490+0300][gc,phases   ] GC(3)   Merge Heap Roots: 0.1ms
[2025-09-24T19:08:11.490+0300][gc,phases   ] GC(3)   Evacuate Collection Set: 1.0ms
[2025-09-24T19:08:11.490+0300][gc,phases   ] GC(3)   Post Evacuate Collection Set: 0.5ms
[2025-09-24T19:08:11.490+0300][gc,phases   ] GC(3)   Other: 0.0ms
[2025-09-24T19:08:11.490+0300][gc,heap     ] GC(3) Eden regions: 49->0(47)
[2025-09-24T19:08:11.490+0300][gc,heap     ] GC(3) Survivor regions: 2->4(7)
[2025-09-24T19:08:11.490+0300][gc,heap     ] GC(3) Old regions: 11->11
[2025-09-24T19:08:11.490+0300][gc,heap     ] GC(3) Humongous regions: 0->0
[2025-09-24T19:08:11.490+0300][gc,metaspace] GC(3) Metaspace: 29482K(29760K)->29482K(29760K) NonClass: 26248K(26368K)->26248K(26368K) Class: 3233K(3392K)->3233K(3392K)
[2025-09-24T19:08:11.490+0300][gc          ] GC(3) Pause Young (Prepare Mixed) (G1 Evacuation Pause) 59M->12M(1024M) 1.900ms
[2025-09-24T19:08:11.490+0300][gc,cpu      ] GC(3) User=0.01s Sys=0.01s Real=0.00s
[2025-09-24T19:08:11.726+0300][gc,start    ] GC(4) Pause Young (Mixed) (Metadata GC Threshold)
[2025-09-24T19:08:11.726+0300][gc,task     ] GC(4) Using 20 workers of 20 for evacuation
[2025-09-24T19:08:11.729+0300][gc,phases   ] GC(4)   Pre Evacuate Collection Set: 0.3ms
[2025-09-24T19:08:11.729+0300][gc,phases   ] GC(4)   Merge Heap Roots: 0.2ms
[2025-09-24T19:08:11.729+0300][gc,phases   ] GC(4)   Evacuate Collection Set: 1.5ms
[2025-09-24T19:08:11.729+0300][gc,phases   ] GC(4)   Post Evacuate Collection Set: 1.1ms
[2025-09-24T19:08:11.729+0300][gc,phases   ] GC(4)   Other: 0.1ms
[2025-09-24T19:08:11.729+0300][gc,heap     ] GC(4) Eden regions: 47->0(44)
[2025-09-24T19:08:11.729+0300][gc,heap     ] GC(4) Survivor regions: 4->7(7)
[2025-09-24T19:08:11.729+0300][gc,heap     ] GC(4) Old regions: 11->10
[2025-09-24T19:08:11.729+0300][gc,heap     ] GC(4) Humongous regions: 11->9
[2025-09-24T19:08:11.729+0300][gc,metaspace] GC(4) Metaspace: 35743K(36096K)->35743K(36096K) NonClass: 31839K(32000K)->31839K(32000K) Class: 3904K(4096K)->3904K(4096K)
[2025-09-24T19:08:11.729+0300][gc          ] GC(4) Pause Young (Mixed) (Metadata GC Threshold) 69M->25M(1024M) 3.251ms
[2025-09-24T19:08:11.729+0300][gc,cpu      ] GC(4) User=0.02s Sys=0.00s Real=0.00s
[2025-09-24T19:08:11.738+0300][gc,start    ] GC(5) Pause Young (Concurrent Start) (Metadata GC Threshold)
[2025-09-24T19:08:11.738+0300][gc,task     ] GC(5) Using 20 workers of 20 for evacuation
[2025-09-24T19:08:11.742+0300][gc,phases   ] GC(5)   Pre Evacuate Collection Set: 0.5ms
[2025-09-24T19:08:11.742+0300][gc,phases   ] GC(5)   Merge Heap Roots: 0.4ms
[2025-09-24T19:08:11.742+0300][gc,phases   ] GC(5)   Evacuate Collection Set: 2.4ms
[2025-09-24T19:08:11.742+0300][gc,phases   ] GC(5)   Post Evacuate Collection Set: 0.5ms
[2025-09-24T19:08:11.742+0300][gc,phases   ] GC(5)   Other: 0.1ms
[2025-09-24T19:08:11.742+0300][gc,heap     ] GC(5) Eden regions: 2->0(50)
[2025-09-24T19:08:11.742+0300][gc,heap     ] GC(5) Survivor regions: 7->1(7)
[2025-09-24T19:08:11.742+0300][gc,heap     ] GC(5) Old regions: 10->16
[2025-09-24T19:08:11.742+0300][gc,heap     ] GC(5) Humongous regions: 9->9
[2025-09-24T19:08:11.742+0300][gc,metaspace] GC(5) Metaspace: 36078K(36416K)->36078K(36416K) NonClass: 32159K(32320K)->32159K(32320K) Class: 3919K(4096K)->3919K(4096K)
[2025-09-24T19:08:11.742+0300][gc          ] GC(5) Pause Young (Concurrent Start) (Metadata GC Threshold) 26M->25M(1024M) 3.963ms
[2025-09-24T19:08:11.742+0300][gc          ] GC(6) Concurrent Mark Cycle
[2025-09-24T19:08:11.742+0300][gc,marking  ] GC(6) Concurrent Scan Root Regions
[2025-09-24T19:08:11.742+0300][gc,cpu      ] GC(5) User=0.04s Sys=0.00s Real=0.00s
[2025-09-24T19:08:11.743+0300][gc,marking  ] GC(6) Concurrent Scan Root Regions 0.918ms
[2025-09-24T19:08:11.743+0300][gc,marking  ] GC(6) Concurrent Mark
[2025-09-24T19:08:11.743+0300][gc,marking  ] GC(6) Concurrent Mark From Roots
[2025-09-24T19:08:11.743+0300][gc,task     ] GC(6) Using 5 workers of 5 for marking
[2025-09-24T19:08:11.744+0300][gc,marking  ] GC(6) Concurrent Mark From Roots 1.686ms
[2025-09-24T19:08:11.744+0300][gc,marking  ] GC(6) Concurrent Preclean
[2025-09-24T19:08:11.745+0300][gc,marking  ] GC(6) Concurrent Preclean 0.023ms
[2025-09-24T19:08:11.745+0300][gc,start    ] GC(6) Pause Remark
[2025-09-24T19:08:11.747+0300][gc          ] GC(6) Pause Remark 26M->26M(1024M) 2.153ms
[2025-09-24T19:08:11.747+0300][gc,cpu      ] GC(6) User=0.01s Sys=0.01s Real=0.00s
[2025-09-24T19:08:11.747+0300][gc,marking  ] GC(6) Concurrent Mark 4.579ms
[2025-09-24T19:08:11.747+0300][gc,marking  ] GC(6) Concurrent Rebuild Remembered Sets and Scrub Regions
[2025-09-24T19:08:11.748+0300][gc,marking  ] GC(6) Concurrent Rebuild Remembered Sets and Scrub Regions 0.665ms
[2025-09-24T19:08:11.748+0300][gc,start    ] GC(6) Pause Cleanup
[2025-09-24T19:08:11.748+0300][gc          ] GC(6) Pause Cleanup 26M->26M(1024M) 0.015ms
[2025-09-24T19:08:11.748+0300][gc,cpu      ] GC(6) User=0.00s Sys=0.00s Real=0.00s
[2025-09-24T19:08:11.748+0300][gc,marking  ] GC(6) Concurrent Clear Claimed Marks
[2025-09-24T19:08:11.748+0300][gc,marking  ] GC(6) Concurrent Clear Claimed Marks 0.037ms
[2025-09-24T19:08:11.748+0300][gc,marking  ] GC(6) Concurrent Cleanup for Next Mark
[2025-09-24T19:08:11.749+0300][gc,marking  ] GC(6) Concurrent Cleanup for Next Mark 0.389ms
[2025-09-24T19:08:11.749+0300][gc          ] GC(6) Concurrent Mark Cycle 6.860ms
[2025-09-24T19:08:16.258+0300][gc,start    ] GC(7) Pause Young (Normal) (G1 Evacuation Pause)
[2025-09-24T19:08:16.258+0300][gc,task     ] GC(7) Using 20 workers of 20 for evacuation
[2025-09-24T19:08:16.262+0300][gc,phases   ] GC(7)   Pre Evacuate Collection Set: 0.3ms
[2025-09-24T19:08:16.262+0300][gc,phases   ] GC(7)   Merge Heap Roots: 0.2ms
[2025-09-24T19:08:16.262+0300][gc,phases   ] GC(7)   Evacuate Collection Set: 2.3ms
[2025-09-24T19:08:16.262+0300][gc,phases   ] GC(7)   Post Evacuate Collection Set: 1.0ms
[2025-09-24T19:08:16.262+0300][gc,phases   ] GC(7)   Other: 0.1ms
[2025-09-24T19:08:16.262+0300][gc,heap     ] GC(7) Eden regions: 50->0(48)
[2025-09-24T19:08:16.262+0300][gc,heap     ] GC(7) Survivor regions: 1->3(7)
[2025-09-24T19:08:16.262+0300][gc,heap     ] GC(7) Old regions: 16->16
[2025-09-24T19:08:16.262+0300][gc,heap     ] GC(7) Humongous regions: 162->138
[2025-09-24T19:08:16.262+0300][gc,metaspace] GC(7) Metaspace: 41253K(41728K)->41253K(41728K) NonClass: 36645K(36928K)->36645K(36928K) Class: 4608K(4800K)->4608K(4800K)
[2025-09-24T19:08:16.262+0300][gc          ] GC(7) Pause Young (Normal) (G1 Evacuation Pause) 228M->156M(1024M) 4.133ms
[2025-09-24T19:08:16.262+0300][gc,cpu      ] GC(7) User=0.01s Sys=0.00s Real=0.00s
[2025-09-24T19:10:31.205+0300][gc,start    ] GC(8) Pause Young (Normal) (G1 Evacuation Pause)
[2025-09-24T19:10:31.205+0300][gc,task     ] GC(8) Using 20 workers of 20 for evacuation
[2025-09-24T19:10:31.207+0300][gc,phases   ] GC(8)   Pre Evacuate Collection Set: 0.3ms
[2025-09-24T19:10:31.207+0300][gc,phases   ] GC(8)   Merge Heap Roots: 0.1ms
[2025-09-24T19:10:31.207+0300][gc,phases   ] GC(8)   Evacuate Collection Set: 0.9ms
[2025-09-24T19:10:31.207+0300][gc,phases   ] GC(8)   Post Evacuate Collection Set: 1.1ms
[2025-09-24T19:10:31.207+0300][gc,phases   ] GC(8)   Other: 0.0ms
[2025-09-24T19:10:31.207+0300][gc,heap     ] GC(8) Eden regions: 48->0(46)
[2025-09-24T19:10:31.207+0300][gc,heap     ] GC(8) Survivor regions: 3->5(7)
[2025-09-24T19:10:31.207+0300][gc,heap     ] GC(8) Old regions: 16->16
[2025-09-24T19:10:31.207+0300][gc,heap     ] GC(8) Humongous regions: 138->9
[2025-09-24T19:10:31.207+0300][gc,metaspace] GC(8) Metaspace: 45615K(46208K)->45615K(46208K) NonClass: 40380K(40704K)->40380K(40704K) Class: 5235K(5504K)->5235K(5504K)
[2025-09-24T19:10:31.207+0300][gc          ] GC(8) Pause Young (Normal) (G1 Evacuation Pause) 204M->29M(1024M) 2.529ms
[2025-09-24T19:10:31.207+0300][gc,cpu      ] GC(8) User=0.02s Sys=0.00s Real=0.00s
[2025-09-24T19:10:31.231+0300][gc,heap,exit] Heap
[2025-09-24T19:10:31.231+0300][gc,heap,exit]  garbage-first heap   total 1048576K, used 34366K [0x00000000c0000000, 0x0000000100000000)
[2025-09-24T19:10:31.231+0300][gc,heap,exit]   region size 1024K, 10 young (10240K), 5 survivors (5120K)
[2025-09-24T19:10:31.231+0300][gc,heap,exit]  Metaspace       used 45752K, committed 46400K, reserved 1114112K
[2025-09-24T19:10:31.231+0300][gc,heap,exit]   class space    used 5274K, committed 5568K, reserved 1048576K
