[2025-09-24T19:51:06.685+0300][gc,init] CardTable entry size: 512
[2025-09-24T19:51:06.685+0300][gc     ] Using G1
[2025-09-24T19:51:06.688+0300][gc,init] Version: 21.0.8+9-Ubuntu-0ubuntu124.04.1 (release)
[2025-09-24T19:51:06.688+0300][gc,init] CPUs: 28 total, 28 available
[2025-09-24T19:51:06.688+0300][gc,init] Memory: 15902M
[2025-09-24T19:51:06.688+0300][gc,init] Large Page Support: Disabled
[2025-09-24T19:51:06.688+0300][gc,init] NUMA Support: Disabled
[2025-09-24T19:51:06.688+0300][gc,init] Compressed Oops: Enabled (32-bit)
[2025-09-24T19:51:06.688+0300][gc,init] Heap Region Size: 1M
[2025-09-24T19:51:06.688+0300][gc,init] Heap Min Capacity: 1G
[2025-09-24T19:51:06.688+0300][gc,init] Heap Initial Capacity: 1G
[2025-09-24T19:51:06.688+0300][gc,init] Heap Max Capacity: 1G
[2025-09-24T19:51:06.688+0300][gc,init] Pre-touch: Disabled
[2025-09-24T19:51:06.688+0300][gc,init] Parallel Workers: 20
[2025-09-24T19:51:06.688+0300][gc,init] Concurrent Workers: 5
[2025-09-24T19:51:06.688+0300][gc,init] Concurrent Refinement Workers: 20
[2025-09-24T19:51:06.688+0300][gc,init] Periodic GC: Disabled
[2025-09-24T19:51:06.691+0300][gc,metaspace] CDS archive(s) mapped at: [0x00007fd81b000000-0x00007fd81bca0000-0x00007fd81bca0000), size 13238272, SharedBaseAddress: 0x00007fd81b000000, ArchiveRelocationMode: 1.
[2025-09-24T19:51:06.691+0300][gc,metaspace] Compressed class space mapped at: 0x00007fd81c000000-0x00007fd85c000000, reserved size: 1073741824
[2025-09-24T19:51:06.691+0300][gc,metaspace] Narrow klass base: 0x00007fd81b000000, Narrow klass shift: 0, Narrow klass range: 0x100000000
[2025-09-24T19:51:07.111+0300][gc,start    ] GC(0) Pause Young (Normal) (G1 Evacuation Pause)
[2025-09-24T19:51:07.112+0300][gc,task     ] GC(0) Using 20 workers of 20 for evacuation
[2025-09-24T19:51:07.116+0300][gc,phases   ] GC(0)   Pre Evacuate Collection Set: 0.2ms
[2025-09-24T19:51:07.116+0300][gc,phases   ] GC(0)   Merge Heap Roots: 0.1ms
[2025-09-24T19:51:07.116+0300][gc,phases   ] GC(0)   Evacuate Collection Set: 2.8ms
[2025-09-24T19:51:07.116+0300][gc,phases   ] GC(0)   Post Evacuate Collection Set: 0.9ms
[2025-09-24T19:51:07.116+0300][gc,phases   ] GC(0)   Other: 1.2ms
[2025-09-24T19:51:07.116+0300][gc,heap     ] GC(0) Eden regions: 51->0(44)
[2025-09-24T19:51:07.116+0300][gc,heap     ] GC(0) Survivor regions: 0->7(7)
[2025-09-24T19:51:07.116+0300][gc,heap     ] GC(0) Old regions: 2->4
[2025-09-24T19:51:07.116+0300][gc,heap     ] GC(0) Humongous regions: 0->0
[2025-09-24T19:51:07.116+0300][gc,metaspace] GC(0) Metaspace: 17772K(18048K)->17772K(18048K) NonClass: 15801K(15936K)->15801K(15936K) Class: 1971K(2112K)->1971K(2112K)
[2025-09-24T19:51:07.116+0300][gc          ] GC(0) Pause Young (Normal) (G1 Evacuation Pause) 52M->9M(1024M) 5.366ms
[2025-09-24T19:51:07.116+0300][gc,cpu      ] GC(0) User=0.04s Sys=0.00s Real=0.00s
[2025-09-24T19:51:07.169+0300][gc,start    ] GC(1) Pause Young (Concurrent Start) (Metadata GC Threshold)
[2025-09-24T19:51:07.169+0300][gc,task     ] GC(1) Using 20 workers of 20 for evacuation
[2025-09-24T19:51:07.173+0300][gc,phases   ] GC(1)   Pre Evacuate Collection Set: 0.2ms
[2025-09-24T19:51:07.173+0300][gc,phases   ] GC(1)   Merge Heap Roots: 0.1ms
[2025-09-24T19:51:07.173+0300][gc,phases   ] GC(1)   Evacuate Collection Set: 2.8ms
[2025-09-24T19:51:07.173+0300][gc,phases   ] GC(1)   Post Evacuate Collection Set: 0.5ms
[2025-09-24T19:51:07.173+0300][gc,phases   ] GC(1)   Other: 0.1ms
[2025-09-24T19:51:07.173+0300][gc,heap     ] GC(1) Eden regions: 12->0(49)
[2025-09-24T19:51:07.173+0300][gc,heap     ] GC(1) Survivor regions: 7->2(7)
[2025-09-24T19:51:07.173+0300][gc,heap     ] GC(1) Old regions: 4->11
[2025-09-24T19:51:07.173+0300][gc,heap     ] GC(1) Humongous regions: 0->0
[2025-09-24T19:51:07.173+0300][gc,metaspace] GC(1) Metaspace: 21313K(21504K)->21313K(21504K) NonClass: 19099K(19200K)->19099K(19200K) Class: 2213K(2304K)->2213K(2304K)
[2025-09-24T19:51:07.173+0300][gc          ] GC(1) Pause Young (Concurrent Start) (Metadata GC Threshold) 21M->10M(1024M) 3.849ms
[2025-09-24T19:51:07.173+0300][gc,cpu      ] GC(1) User=0.00s Sys=0.05s Real=0.01s
[2025-09-24T19:51:07.173+0300][gc          ] GC(2) Concurrent Mark Cycle
[2025-09-24T19:51:07.173+0300][gc,marking  ] GC(2) Concurrent Scan Root Regions
[2025-09-24T19:51:07.174+0300][gc,marking  ] GC(2) Concurrent Scan Root Regions 0.779ms
[2025-09-24T19:51:07.174+0300][gc,marking  ] GC(2) Concurrent Mark
[2025-09-24T19:51:07.174+0300][gc,marking  ] GC(2) Concurrent Mark From Roots
[2025-09-24T19:51:07.174+0300][gc,task     ] GC(2) Using 5 workers of 5 for marking
[2025-09-24T19:51:07.175+0300][gc,marking  ] GC(2) Concurrent Mark From Roots 0.787ms
[2025-09-24T19:51:07.175+0300][gc,marking  ] GC(2) Concurrent Preclean
[2025-09-24T19:51:07.175+0300][gc,marking  ] GC(2) Concurrent Preclean 0.005ms
[2025-09-24T19:51:07.175+0300][gc,start    ] GC(2) Pause Remark
[2025-09-24T19:51:07.176+0300][gc          ] GC(2) Pause Remark 11M->11M(1024M) 1.337ms
[2025-09-24T19:51:07.176+0300][gc,cpu      ] GC(2) User=0.00s Sys=0.00s Real=0.00s
[2025-09-24T19:51:07.176+0300][gc,marking  ] GC(2) Concurrent Mark 2.229ms
[2025-09-24T19:51:07.176+0300][gc,marking  ] GC(2) Concurrent Rebuild Remembered Sets and Scrub Regions
[2025-09-24T19:51:07.177+0300][gc,marking  ] GC(2) Concurrent Rebuild Remembered Sets and Scrub Regions 0.566ms
[2025-09-24T19:51:07.177+0300][gc,start    ] GC(2) Pause Cleanup
[2025-09-24T19:51:07.177+0300][gc          ] GC(2) Pause Cleanup 11M->11M(1024M) 0.177ms
[2025-09-24T19:51:07.177+0300][gc,cpu      ] GC(2) User=0.00s Sys=0.00s Real=0.00s
[2025-09-24T19:51:07.177+0300][gc,marking  ] GC(2) Concurrent Clear Claimed Marks
[2025-09-24T19:51:07.177+0300][gc,marking  ] GC(2) Concurrent Clear Claimed Marks 0.021ms
[2025-09-24T19:51:07.177+0300][gc,marking  ] GC(2) Concurrent Cleanup for Next Mark
[2025-09-24T19:51:07.178+0300][gc,marking  ] GC(2) Concurrent Cleanup for Next Mark 0.877ms
[2025-09-24T19:51:07.178+0300][gc          ] GC(2) Concurrent Mark Cycle 4.953ms
[2025-09-24T19:51:07.465+0300][gc,start    ] GC(3) Pause Young (Prepare Mixed) (G1 Evacuation Pause)
[2025-09-24T19:51:07.465+0300][gc,task     ] GC(3) Using 20 workers of 20 for evacuation
[2025-09-24T19:51:07.467+0300][gc,phases   ] GC(3)   Pre Evacuate Collection Set: 0.2ms
[2025-09-24T19:51:07.467+0300][gc,phases   ] GC(3)   Merge Heap Roots: 0.1ms
[2025-09-24T19:51:07.467+0300][gc,phases   ] GC(3)   Evacuate Collection Set: 1.3ms
[2025-09-24T19:51:07.467+0300][gc,phases   ] GC(3)   Post Evacuate Collection Set: 0.5ms
[2025-09-24T19:51:07.467+0300][gc,phases   ] GC(3)   Other: 0.0ms
[2025-09-24T19:51:07.467+0300][gc,heap     ] GC(3) Eden regions: 49->0(47)
[2025-09-24T19:51:07.467+0300][gc,heap     ] GC(3) Survivor regions: 2->4(7)
[2025-09-24T19:51:07.467+0300][gc,heap     ] GC(3) Old regions: 11->11
[2025-09-24T19:51:07.467+0300][gc,heap     ] GC(3) Humongous regions: 0->0
[2025-09-24T19:51:07.467+0300][gc,metaspace] GC(3) Metaspace: 29061K(29376K)->29061K(29376K) NonClass: 25874K(26048K)->25874K(26048K) Class: 3187K(3328K)->3187K(3328K)
[2025-09-24T19:51:07.467+0300][gc          ] GC(3) Pause Young (Prepare Mixed) (G1 Evacuation Pause) 59M->12M(1024M) 2.230ms
[2025-09-24T19:51:07.467+0300][gc,cpu      ] GC(3) User=0.01s Sys=0.00s Real=0.00s
[2025-09-24T19:51:07.670+0300][gc,start    ] GC(4) Pause Young (Mixed) (G1 Evacuation Pause)
[2025-09-24T19:51:07.670+0300][gc,task     ] GC(4) Using 20 workers of 20 for evacuation
[2025-09-24T19:51:07.672+0300][gc,phases   ] GC(4)   Pre Evacuate Collection Set: 0.5ms
[2025-09-24T19:51:07.673+0300][gc,phases   ] GC(4)   Merge Heap Roots: 0.2ms
[2025-09-24T19:51:07.673+0300][gc,phases   ] GC(4)   Evacuate Collection Set: 1.2ms
[2025-09-24T19:51:07.673+0300][gc,phases   ] GC(4)   Post Evacuate Collection Set: 0.6ms
[2025-09-24T19:51:07.673+0300][gc,phases   ] GC(4)   Other: 0.0ms
[2025-09-24T19:51:07.673+0300][gc,heap     ] GC(4) Eden regions: 47->0(46)
[2025-09-24T19:51:07.673+0300][gc,heap     ] GC(4) Survivor regions: 4->5(7)
[2025-09-24T19:51:07.673+0300][gc,heap     ] GC(4) Old regions: 11->10
[2025-09-24T19:51:07.673+0300][gc,heap     ] GC(4) Humongous regions: 13->9
[2025-09-24T19:51:07.673+0300][gc,metaspace] GC(4) Metaspace: 34696K(35072K)->34696K(35072K) NonClass: 30899K(31104K)->30899K(31104K) Class: 3796K(3968K)->3796K(3968K)
[2025-09-24T19:51:07.673+0300][gc          ] GC(4) Pause Young (Mixed) (G1 Evacuation Pause) 72M->23M(1024M) 2.624ms
[2025-09-24T19:51:07.673+0300][gc,cpu      ] GC(4) User=0.03s Sys=0.01s Real=0.01s
[2025-09-24T19:51:07.715+0300][gc,start    ] GC(5) Pause Young (Concurrent Start) (Metadata GC Threshold)
[2025-09-24T19:51:07.715+0300][gc,task     ] GC(5) Using 20 workers of 20 for evacuation
[2025-09-24T19:51:07.718+0300][gc,phases   ] GC(5)   Pre Evacuate Collection Set: 0.4ms
[2025-09-24T19:51:07.718+0300][gc,phases   ] GC(5)   Merge Heap Roots: 0.3ms
[2025-09-24T19:51:07.718+0300][gc,phases   ] GC(5)   Evacuate Collection Set: 1.4ms
[2025-09-24T19:51:07.718+0300][gc,phases   ] GC(5)   Post Evacuate Collection Set: 0.5ms
[2025-09-24T19:51:07.718+0300][gc,phases   ] GC(5)   Other: 0.1ms
[2025-09-24T19:51:07.718+0300][gc,heap     ] GC(5) Eden regions: 11->0(46)
[2025-09-24T19:51:07.718+0300][gc,heap     ] GC(5) Survivor regions: 5->5(7)
[2025-09-24T19:51:07.718+0300][gc,heap     ] GC(5) Old regions: 10->13
[2025-09-24T19:51:07.718+0300][gc,heap     ] GC(5) Humongous regions: 9->9
[2025-09-24T19:51:07.718+0300][gc,metaspace] GC(5) Metaspace: 35803K(36160K)->35803K(36160K) NonClass: 31896K(32064K)->31896K(32064K) Class: 3906K(4096K)->3906K(4096K)
[2025-09-24T19:51:07.718+0300][gc          ] GC(5) Pause Young (Concurrent Start) (Metadata GC Threshold) 33M->25M(1024M) 2.816ms
[2025-09-24T19:51:07.718+0300][gc          ] GC(6) Concurrent Mark Cycle
[2025-09-24T19:51:07.718+0300][gc,marking  ] GC(6) Concurrent Scan Root Regions
[2025-09-24T19:51:07.718+0300][gc,cpu      ] GC(5) User=0.02s Sys=0.00s Real=0.00s
[2025-09-24T19:51:07.719+0300][gc,marking  ] GC(6) Concurrent Scan Root Regions 0.881ms
[2025-09-24T19:51:07.719+0300][gc,marking  ] GC(6) Concurrent Mark
[2025-09-24T19:51:07.719+0300][gc,marking  ] GC(6) Concurrent Mark From Roots
[2025-09-24T19:51:07.719+0300][gc,task     ] GC(6) Using 5 workers of 5 for marking
[2025-09-24T19:51:07.721+0300][gc,marking  ] GC(6) Concurrent Mark From Roots 1.931ms
[2025-09-24T19:51:07.721+0300][gc,marking  ] GC(6) Concurrent Preclean
[2025-09-24T19:51:07.721+0300][gc,marking  ] GC(6) Concurrent Preclean 0.022ms
[2025-09-24T19:51:07.721+0300][gc,start    ] GC(6) Pause Remark
[2025-09-24T19:51:07.723+0300][gc          ] GC(6) Pause Remark 26M->26M(1024M) 1.672ms
[2025-09-24T19:51:07.723+0300][gc,cpu      ] GC(6) User=0.01s Sys=0.00s Real=0.00s
[2025-09-24T19:51:07.723+0300][gc,marking  ] GC(6) Concurrent Mark 4.025ms
[2025-09-24T19:51:07.723+0300][gc,marking  ] GC(6) Concurrent Rebuild Remembered Sets and Scrub Regions
[2025-09-24T19:51:07.724+0300][gc,marking  ] GC(6) Concurrent Rebuild Remembered Sets and Scrub Regions 1.225ms
[2025-09-24T19:51:07.727+0300][gc,start    ] GC(6) Pause Cleanup
[2025-09-24T19:51:07.727+0300][gc          ] GC(6) Pause Cleanup 26M->26M(1024M) 0.237ms
[2025-09-24T19:51:07.727+0300][gc,cpu      ] GC(6) User=0.00s Sys=0.00s Real=0.00s
[2025-09-24T19:51:07.727+0300][gc,marking  ] GC(6) Concurrent Clear Claimed Marks
[2025-09-24T19:51:07.727+0300][gc,marking  ] GC(6) Concurrent Clear Claimed Marks 0.071ms
[2025-09-24T19:51:07.727+0300][gc,marking  ] GC(6) Concurrent Cleanup for Next Mark
[2025-09-24T19:51:07.727+0300][gc,marking  ] GC(6) Concurrent Cleanup for Next Mark 0.353ms
[2025-09-24T19:51:07.727+0300][gc          ] GC(6) Concurrent Mark Cycle 9.150ms
[2025-09-24T19:51:08.550+0300][gc,start    ] GC(7) Pause Young (Prepare Mixed) (G1 Evacuation Pause)
[2025-09-24T19:51:08.550+0300][gc,task     ] GC(7) Using 20 workers of 20 for evacuation
[2025-09-24T19:51:08.553+0300][gc,phases   ] GC(7)   Pre Evacuate Collection Set: 0.2ms
[2025-09-24T19:51:08.553+0300][gc,phases   ] GC(7)   Merge Heap Roots: 0.1ms
[2025-09-24T19:51:08.553+0300][gc,phases   ] GC(7)   Evacuate Collection Set: 1.8ms
[2025-09-24T19:51:08.553+0300][gc,phases   ] GC(7)   Post Evacuate Collection Set: 0.9ms
[2025-09-24T19:51:08.553+0300][gc,phases   ] GC(7)   Other: 0.0ms
[2025-09-24T19:51:08.553+0300][gc,heap     ] GC(7) Eden regions: 46->0(46)
[2025-09-24T19:51:08.553+0300][gc,heap     ] GC(7) Survivor regions: 5->5(7)
[2025-09-24T19:51:08.553+0300][gc,heap     ] GC(7) Old regions: 13->15
[2025-09-24T19:51:08.553+0300][gc,heap     ] GC(7) Humongous regions: 162->144
[2025-09-24T19:51:08.553+0300][gc,metaspace] GC(7) Metaspace: 40878K(41344K)->40878K(41344K) NonClass: 36347K(36608K)->36347K(36608K) Class: 4530K(4736K)->4530K(4736K)
[2025-09-24T19:51:08.553+0300][gc          ] GC(7) Pause Young (Prepare Mixed) (G1 Evacuation Pause) 224M->163M(1024M) 3.101ms
[2025-09-24T19:51:08.553+0300][gc,cpu      ] GC(7) User=0.04s Sys=0.00s Real=0.01s
[2025-09-24T19:53:27.062+0300][gc,start    ] GC(8) Pause Young (Mixed) (G1 Evacuation Pause)
[2025-09-24T19:53:27.062+0300][gc,task     ] GC(8) Using 20 workers of 20 for evacuation
[2025-09-24T19:53:27.065+0300][gc,phases   ] GC(8)   Pre Evacuate Collection Set: 0.4ms
[2025-09-24T19:53:27.065+0300][gc,phases   ] GC(8)   Merge Heap Roots: 0.1ms
[2025-09-24T19:53:27.065+0300][gc,phases   ] GC(8)   Evacuate Collection Set: 1.7ms
[2025-09-24T19:53:27.065+0300][gc,phases   ] GC(8)   Post Evacuate Collection Set: 0.8ms
[2025-09-24T19:53:27.065+0300][gc,phases   ] GC(8)   Other: 0.1ms
[2025-09-24T19:53:27.065+0300][gc,heap     ] GC(8) Eden regions: 46->0(44)
[2025-09-24T19:53:27.065+0300][gc,heap     ] GC(8) Survivor regions: 5->7(7)
[2025-09-24T19:53:27.065+0300][gc,heap     ] GC(8) Old regions: 15->17
[2025-09-24T19:53:27.065+0300][gc,heap     ] GC(8) Humongous regions: 144->138
[2025-09-24T19:53:27.065+0300][gc,metaspace] GC(8) Metaspace: 44997K(45632K)->44997K(45632K) NonClass: 39876K(40256K)->39876K(40256K) Class: 5121K(5376K)->5121K(5376K)
[2025-09-24T19:53:27.065+0300][gc          ] GC(8) Pause Young (Mixed) (G1 Evacuation Pause) 209M->160M(1024M) 3.190ms
[2025-09-24T19:53:27.065+0300][gc,cpu      ] GC(8) User=0.03s Sys=0.00s Real=0.00s
[2025-09-24T19:56:32.731+0300][gc,start    ] GC(9) Pause Young (Normal) (G1 Evacuation Pause)
[2025-09-24T19:56:32.731+0300][gc,task     ] GC(9) Using 20 workers of 20 for evacuation
[2025-09-24T19:56:32.734+0300][gc,phases   ] GC(9)   Pre Evacuate Collection Set: 0.4ms
[2025-09-24T19:56:32.734+0300][gc,phases   ] GC(9)   Merge Heap Roots: 0.3ms
[2025-09-24T19:56:32.734+0300][gc,phases   ] GC(9)   Evacuate Collection Set: 1.7ms
[2025-09-24T19:56:32.734+0300][gc,phases   ] GC(9)   Post Evacuate Collection Set: 0.9ms
[2025-09-24T19:56:32.734+0300][gc,phases   ] GC(9)   Other: 0.1ms
[2025-09-24T19:56:32.734+0300][gc,heap     ] GC(9) Eden regions: 44->0(47)
[2025-09-24T19:56:32.734+0300][gc,heap     ] GC(9) Survivor regions: 7->4(7)
[2025-09-24T19:56:32.734+0300][gc,heap     ] GC(9) Old regions: 17->20
[2025-09-24T19:56:32.734+0300][gc,heap     ] GC(9) Humongous regions: 138->138
[2025-09-24T19:56:32.734+0300][gc,metaspace] GC(9) Metaspace: 45390K(46016K)->45390K(46016K) NonClass: 40263K(40640K)->40263K(40640K) Class: 5126K(5376K)->5126K(5376K)
[2025-09-24T19:56:32.734+0300][gc          ] GC(9) Pause Young (Normal) (G1 Evacuation Pause) 204M->160M(1024M) 3.450ms
[2025-09-24T19:56:32.734+0300][gc,cpu      ] GC(9) User=0.03s Sys=0.00s Real=0.01s
[2025-09-24T20:00:13.704+0300][gc,start    ] GC(10) Pause Young (Normal) (G1 Evacuation Pause)
[2025-09-24T20:00:13.704+0300][gc,task     ] GC(10) Using 20 workers of 20 for evacuation
[2025-09-24T20:00:13.707+0300][gc,phases   ] GC(10)   Pre Evacuate Collection Set: 0.3ms
[2025-09-24T20:00:13.707+0300][gc,phases   ] GC(10)   Merge Heap Roots: 0.2ms
[2025-09-24T20:00:13.707+0300][gc,phases   ] GC(10)   Evacuate Collection Set: 1.6ms
[2025-09-24T20:00:13.707+0300][gc,phases   ] GC(10)   Post Evacuate Collection Set: 0.6ms
[2025-09-24T20:00:13.707+0300][gc,phases   ] GC(10)   Other: 0.0ms
[2025-09-24T20:00:13.707+0300][gc,heap     ] GC(10) Eden regions: 47->0(46)
[2025-09-24T20:00:13.707+0300][gc,heap     ] GC(10) Survivor regions: 4->5(7)
[2025-09-24T20:00:13.707+0300][gc,heap     ] GC(10) Old regions: 20->20
[2025-09-24T20:00:13.707+0300][gc,heap     ] GC(10) Humongous regions: 138->138
[2025-09-24T20:00:13.707+0300][gc,metaspace] GC(10) Metaspace: 45677K(46336K)->45677K(46336K) NonClass: 40551K(40960K)->40551K(40960K) Class: 5126K(5376K)->5126K(5376K)
[2025-09-24T20:00:13.707+0300][gc          ] GC(10) Pause Young (Normal) (G1 Evacuation Pause) 207M->161M(1024M) 2.875ms
[2025-09-24T20:00:13.707+0300][gc,cpu      ] GC(10) User=0.02s Sys=0.01s Real=0.00s
[2025-09-24T20:03:50.007+0300][gc,start    ] GC(11) Pause Young (Normal) (G1 Evacuation Pause)
[2025-09-24T20:03:50.007+0300][gc,task     ] GC(11) Using 20 workers of 20 for evacuation
[2025-09-24T20:03:50.010+0300][gc,phases   ] GC(11)   Pre Evacuate Collection Set: 0.3ms
[2025-09-24T20:03:50.010+0300][gc,phases   ] GC(11)   Merge Heap Roots: 0.1ms
[2025-09-24T20:03:50.010+0300][gc,phases   ] GC(11)   Evacuate Collection Set: 1.1ms
[2025-09-24T20:03:50.010+0300][gc,phases   ] GC(11)   Post Evacuate Collection Set: 0.6ms
[2025-09-24T20:03:50.010+0300][gc,phases   ] GC(11)   Other: 0.1ms
[2025-09-24T20:03:50.010+0300][gc,heap     ] GC(11) Eden regions: 46->0(56)
[2025-09-24T20:03:50.010+0300][gc,heap     ] GC(11) Survivor regions: 5->4(7)
[2025-09-24T20:03:50.010+0300][gc,heap     ] GC(11) Old regions: 20->21
[2025-09-24T20:03:50.010+0300][gc,heap     ] GC(11) Humongous regions: 138->138
[2025-09-24T20:03:50.010+0300][gc,metaspace] GC(11) Metaspace: 45908K(46592K)->45908K(46592K) NonClass: 40749K(41152K)->40749K(41152K) Class: 5158K(5440K)->5158K(5440K)
[2025-09-24T20:03:50.010+0300][gc          ] GC(11) Pause Young (Normal) (G1 Evacuation Pause) 207M->161M(1024M) 2.308ms
[2025-09-24T20:03:50.010+0300][gc,cpu      ] GC(11) User=0.02s Sys=0.00s Real=0.00s
[2025-09-24T20:08:35.338+0300][gc,start    ] GC(12) Pause Young (Normal) (G1 Evacuation Pause)
[2025-09-24T20:08:35.338+0300][gc,task     ] GC(12) Using 20 workers of 20 for evacuation
[2025-09-24T20:08:35.347+0300][gc,phases   ] GC(12)   Pre Evacuate Collection Set: 0.5ms
[2025-09-24T20:08:35.347+0300][gc,phases   ] GC(12)   Merge Heap Roots: 0.3ms
[2025-09-24T20:08:35.347+0300][gc,phases   ] GC(12)   Evacuate Collection Set: 7.5ms
[2025-09-24T20:08:35.347+0300][gc,phases   ] GC(12)   Post Evacuate Collection Set: 0.6ms
[2025-09-24T20:08:35.347+0300][gc,phases   ] GC(12)   Other: 0.1ms
[2025-09-24T20:08:35.347+0300][gc,heap     ] GC(12) Eden regions: 56->0(69)
[2025-09-24T20:08:35.347+0300][gc,heap     ] GC(12) Survivor regions: 4->5(8)
[2025-09-24T20:08:35.347+0300][gc,heap     ] GC(12) Old regions: 21->21
[2025-09-24T20:08:35.347+0300][gc,heap     ] GC(12) Humongous regions: 138->138
[2025-09-24T20:08:35.347+0300][gc,metaspace] GC(12) Metaspace: 45983K(46656K)->45983K(46656K) NonClass: 40824K(41216K)->40824K(41216K) Class: 5158K(5440K)->5158K(5440K)
[2025-09-24T20:08:35.347+0300][gc          ] GC(12) Pause Young (Normal) (G1 Evacuation Pause) 217M->162M(1024M) 9.047ms
[2025-09-24T20:08:35.347+0300][gc,cpu      ] GC(12) User=0.00s Sys=0.14s Real=0.01s
[2025-09-24T20:17:01.850+0300][gc,start    ] GC(13) Pause Young (Normal) (G1 Evacuation Pause)
[2025-09-24T20:17:01.850+0300][gc,task     ] GC(13) Using 20 workers of 20 for evacuation
[2025-09-24T20:17:01.859+0300][gc,phases   ] GC(13)   Pre Evacuate Collection Set: 0.5ms
[2025-09-24T20:17:01.859+0300][gc,phases   ] GC(13)   Merge Heap Roots: 0.2ms
[2025-09-24T20:17:01.859+0300][gc,phases   ] GC(13)   Evacuate Collection Set: 7.4ms
[2025-09-24T20:17:01.859+0300][gc,phases   ] GC(13)   Post Evacuate Collection Set: 0.7ms
[2025-09-24T20:17:01.859+0300][gc,phases   ] GC(13)   Other: 0.1ms
[2025-09-24T20:17:01.859+0300][gc,heap     ] GC(13) Eden regions: 69->0(76)
[2025-09-24T20:17:01.859+0300][gc,heap     ] GC(13) Survivor regions: 5->6(10)
[2025-09-24T20:17:01.859+0300][gc,heap     ] GC(13) Old regions: 21->21
[2025-09-24T20:17:01.859+0300][gc,heap     ] GC(13) Humongous regions: 138->138
[2025-09-24T20:17:01.859+0300][gc,metaspace] GC(13) Metaspace: 46063K(46720K)->46063K(46720K) NonClass: 40902K(41280K)->40902K(41280K) Class: 5160K(5440K)->5160K(5440K)
[2025-09-24T20:17:01.859+0300][gc          ] GC(13) Pause Young (Normal) (G1 Evacuation Pause) 231M->164M(1024M) 9.555ms
[2025-09-24T20:17:01.859+0300][gc,cpu      ] GC(13) User=0.00s Sys=0.14s Real=0.01s
