[2025-09-24T19:33:48.029+0300][gc,init] CardTable entry size: 512
[2025-09-24T19:33:48.029+0300][gc     ] Using G1
[2025-09-24T19:33:48.032+0300][gc,init] Version: 21.0.8+9-Ubuntu-0ubuntu124.04.1 (release)
[2025-09-24T19:33:48.032+0300][gc,init] CPUs: 28 total, 28 available
[2025-09-24T19:33:48.032+0300][gc,init] Memory: 15902M
[2025-09-24T19:33:48.032+0300][gc,init] Large Page Support: Disabled
[2025-09-24T19:33:48.032+0300][gc,init] NUMA Support: Disabled
[2025-09-24T19:33:48.032+0300][gc,init] Compressed Oops: Enabled (32-bit)
[2025-09-24T19:33:48.032+0300][gc,init] Heap Region Size: 1M
[2025-09-24T19:33:48.032+0300][gc,init] Heap Min Capacity: 1G
[2025-09-24T19:33:48.032+0300][gc,init] Heap Initial Capacity: 1G
[2025-09-24T19:33:48.032+0300][gc,init] Heap Max Capacity: 1G
[2025-09-24T19:33:48.032+0300][gc,init] Pre-touch: Disabled
[2025-09-24T19:33:48.032+0300][gc,init] Parallel Workers: 20
[2025-09-24T19:33:48.032+0300][gc,init] Concurrent Workers: 5
[2025-09-24T19:33:48.032+0300][gc,init] Concurrent Refinement Workers: 20
[2025-09-24T19:33:48.032+0300][gc,init] Periodic GC: Disabled
[2025-09-24T19:33:48.036+0300][gc,metaspace] CDS archive(s) mapped at: [0x00007f51cb000000-0x00007f51cbca0000-0x00007f51cbca0000), size 13238272, SharedBaseAddress: 0x00007f51cb000000, ArchiveRelocationMode: 1.
[2025-09-24T19:33:48.036+0300][gc,metaspace] Compressed class space mapped at: 0x00007f51cc000000-0x00007f520c000000, reserved size: 1073741824
[2025-09-24T19:33:48.036+0300][gc,metaspace] Narrow klass base: 0x00007f51cb000000, Narrow klass shift: 0, Narrow klass range: 0x100000000
[2025-09-24T19:33:48.445+0300][gc,start    ] GC(0) Pause Young (Normal) (G1 Evacuation Pause)
[2025-09-24T19:33:48.446+0300][gc,task     ] GC(0) Using 20 workers of 20 for evacuation
[2025-09-24T19:33:48.450+0300][gc,phases   ] GC(0)   Pre Evacuate Collection Set: 0.2ms
[2025-09-24T19:33:48.450+0300][gc,phases   ] GC(0)   Merge Heap Roots: 0.2ms
[2025-09-24T19:33:48.450+0300][gc,phases   ] GC(0)   Evacuate Collection Set: 2.6ms
[2025-09-24T19:33:48.450+0300][gc,phases   ] GC(0)   Post Evacuate Collection Set: 0.9ms
[2025-09-24T19:33:48.450+0300][gc,phases   ] GC(0)   Other: 1.0ms
[2025-09-24T19:33:48.450+0300][gc,heap     ] GC(0) Eden regions: 51->0(44)
[2025-09-24T19:33:48.450+0300][gc,heap     ] GC(0) Survivor regions: 0->7(7)
[2025-09-24T19:33:48.450+0300][gc,heap     ] GC(0) Old regions: 2->4
[2025-09-24T19:33:48.450+0300][gc,heap     ] GC(0) Humongous regions: 0->0
[2025-09-24T19:33:48.450+0300][gc,metaspace] GC(0) Metaspace: 17739K(18048K)->17739K(18048K) NonClass: 15770K(15936K)->15770K(15936K) Class: 1968K(2112K)->1968K(2112K)
[2025-09-24T19:33:48.450+0300][gc          ] GC(0) Pause Young (Normal) (G1 Evacuation Pause) 52M->9M(1024M) 5.048ms
[2025-09-24T19:33:48.450+0300][gc,cpu      ] GC(0) User=0.04s Sys=0.01s Real=0.00s
[2025-09-24T19:33:48.504+0300][gc,start    ] GC(1) Pause Young (Concurrent Start) (Metadata GC Threshold)
[2025-09-24T19:33:48.504+0300][gc,task     ] GC(1) Using 20 workers of 20 for evacuation
[2025-09-24T19:33:48.508+0300][gc,phases   ] GC(1)   Pre Evacuate Collection Set: 0.3ms
[2025-09-24T19:33:48.508+0300][gc,phases   ] GC(1)   Merge Heap Roots: 0.1ms
[2025-09-24T19:33:48.508+0300][gc,phases   ] GC(1)   Evacuate Collection Set: 2.7ms
[2025-09-24T19:33:48.508+0300][gc,phases   ] GC(1)   Post Evacuate Collection Set: 0.6ms
[2025-09-24T19:33:48.508+0300][gc,phases   ] GC(1)   Other: 0.1ms
[2025-09-24T19:33:48.508+0300][gc,heap     ] GC(1) Eden regions: 12->0(50)
[2025-09-24T19:33:48.508+0300][gc,heap     ] GC(1) Survivor regions: 7->1(7)
[2025-09-24T19:33:48.508+0300][gc,heap     ] GC(1) Old regions: 4->11
[2025-09-24T19:33:48.508+0300][gc,heap     ] GC(1) Humongous regions: 0->0
[2025-09-24T19:33:48.508+0300][gc,metaspace] GC(1) Metaspace: 21314K(21504K)->21314K(21504K) NonClass: 19100K(19200K)->19100K(19200K) Class: 2213K(2304K)->2213K(2304K)
[2025-09-24T19:33:48.508+0300][gc          ] GC(1) Pause Young (Concurrent Start) (Metadata GC Threshold) 21M->10M(1024M) 3.903ms
[2025-09-24T19:33:48.508+0300][gc,cpu      ] GC(1) User=0.00s Sys=0.04s Real=0.01s
[2025-09-24T19:33:48.508+0300][gc          ] GC(2) Concurrent Mark Cycle
[2025-09-24T19:33:48.508+0300][gc,marking  ] GC(2) Concurrent Scan Root Regions
[2025-09-24T19:33:48.509+0300][gc,marking  ] GC(2) Concurrent Scan Root Regions 0.899ms
[2025-09-24T19:33:48.509+0300][gc,marking  ] GC(2) Concurrent Mark
[2025-09-24T19:33:48.509+0300][gc,marking  ] GC(2) Concurrent Mark From Roots
[2025-09-24T19:33:48.509+0300][gc,task     ] GC(2) Using 5 workers of 5 for marking
[2025-09-24T19:33:48.509+0300][gc,marking  ] GC(2) Concurrent Mark From Roots 0.789ms
[2025-09-24T19:33:48.509+0300][gc,marking  ] GC(2) Concurrent Preclean
[2025-09-24T19:33:48.509+0300][gc,marking  ] GC(2) Concurrent Preclean 0.011ms
[2025-09-24T19:33:48.509+0300][gc,start    ] GC(2) Pause Remark
[2025-09-24T19:33:48.511+0300][gc          ] GC(2) Pause Remark 11M->11M(1024M) 1.340ms
[2025-09-24T19:33:48.511+0300][gc,cpu      ] GC(2) User=0.00s Sys=0.01s Real=0.00s
[2025-09-24T19:33:48.511+0300][gc,marking  ] GC(2) Concurrent Mark 2.317ms
[2025-09-24T19:33:48.511+0300][gc,marking  ] GC(2) Concurrent Rebuild Remembered Sets and Scrub Regions
[2025-09-24T19:33:48.511+0300][gc,marking  ] GC(2) Concurrent Rebuild Remembered Sets and Scrub Regions 0.594ms
[2025-09-24T19:33:48.512+0300][gc,start    ] GC(2) Pause Cleanup
[2025-09-24T19:33:48.512+0300][gc          ] GC(2) Pause Cleanup 11M->11M(1024M) 0.151ms
[2025-09-24T19:33:48.512+0300][gc,cpu      ] GC(2) User=0.00s Sys=0.00s Real=0.00s
[2025-09-24T19:33:48.512+0300][gc,marking  ] GC(2) Concurrent Clear Claimed Marks
[2025-09-24T19:33:48.512+0300][gc,marking  ] GC(2) Concurrent Clear Claimed Marks 0.023ms
[2025-09-24T19:33:48.512+0300][gc,marking  ] GC(2) Concurrent Cleanup for Next Mark
[2025-09-24T19:33:48.512+0300][gc,marking  ] GC(2) Concurrent Cleanup for Next Mark 0.714ms
[2025-09-24T19:33:48.512+0300][gc          ] GC(2) Concurrent Mark Cycle 4.916ms
[2025-09-24T19:33:48.846+0300][gc,start    ] GC(3) Pause Young (Prepare Mixed) (G1 Evacuation Pause)
[2025-09-24T19:33:48.846+0300][gc,task     ] GC(3) Using 20 workers of 20 for evacuation
[2025-09-24T19:33:48.848+0300][gc,phases   ] GC(3)   Pre Evacuate Collection Set: 0.2ms
[2025-09-24T19:33:48.848+0300][gc,phases   ] GC(3)   Merge Heap Roots: 0.1ms
[2025-09-24T19:33:48.848+0300][gc,phases   ] GC(3)   Evacuate Collection Set: 0.9ms
[2025-09-24T19:33:48.848+0300][gc,phases   ] GC(3)   Post Evacuate Collection Set: 0.5ms
[2025-09-24T19:33:48.848+0300][gc,phases   ] GC(3)   Other: 0.0ms
[2025-09-24T19:33:48.848+0300][gc,heap     ] GC(3) Eden regions: 50->0(47)
[2025-09-24T19:33:48.848+0300][gc,heap     ] GC(3) Survivor regions: 1->4(7)
[2025-09-24T19:33:48.848+0300][gc,heap     ] GC(3) Old regions: 11->11
[2025-09-24T19:33:48.848+0300][gc,heap     ] GC(3) Humongous regions: 0->0
[2025-09-24T19:33:48.848+0300][gc,metaspace] GC(3) Metaspace: 29847K(30080K)->29847K(30080K) NonClass: 26576K(26688K)->26576K(26688K) Class: 3270K(3392K)->3270K(3392K)
[2025-09-24T19:33:48.848+0300][gc          ] GC(3) Pause Young (Prepare Mixed) (G1 Evacuation Pause) 60M->12M(1024M) 1.840ms
[2025-09-24T19:33:48.848+0300][gc,cpu      ] GC(3) User=0.01s Sys=0.00s Real=0.00s
[2025-09-24T19:33:49.022+0300][gc,start    ] GC(4) Pause Young (Mixed) (G1 Evacuation Pause)
[2025-09-24T19:33:49.022+0300][gc,task     ] GC(4) Using 20 workers of 20 for evacuation
[2025-09-24T19:33:49.025+0300][gc,phases   ] GC(4)   Pre Evacuate Collection Set: 0.3ms
[2025-09-24T19:33:49.025+0300][gc,phases   ] GC(4)   Merge Heap Roots: 0.2ms
[2025-09-24T19:33:49.025+0300][gc,phases   ] GC(4)   Evacuate Collection Set: 1.6ms
[2025-09-24T19:33:49.025+0300][gc,phases   ] GC(4)   Post Evacuate Collection Set: 0.8ms
[2025-09-24T19:33:49.025+0300][gc,phases   ] GC(4)   Other: 0.1ms
[2025-09-24T19:33:49.025+0300][gc,heap     ] GC(4) Eden regions: 47->0(44)
[2025-09-24T19:33:49.025+0300][gc,heap     ] GC(4) Survivor regions: 4->7(7)
[2025-09-24T19:33:49.025+0300][gc,heap     ] GC(4) Old regions: 11->10
[2025-09-24T19:33:49.025+0300][gc,heap     ] GC(4) Humongous regions: 11->9
[2025-09-24T19:33:49.025+0300][gc,metaspace] GC(4) Metaspace: 35072K(35456K)->35072K(35456K) NonClass: 31214K(31424K)->31214K(31424K) Class: 3857K(4032K)->3857K(4032K)
[2025-09-24T19:33:49.025+0300][gc          ] GC(4) Pause Young (Mixed) (G1 Evacuation Pause) 70M->24M(1024M) 3.037ms
[2025-09-24T19:33:49.025+0300][gc,cpu      ] GC(4) User=0.03s Sys=0.00s Real=0.00s
[2025-09-24T19:33:49.043+0300][gc,start    ] GC(5) Pause Young (Concurrent Start) (Metadata GC Threshold)
[2025-09-24T19:33:49.043+0300][gc,task     ] GC(5) Using 20 workers of 20 for evacuation
[2025-09-24T19:33:49.047+0300][gc,phases   ] GC(5)   Pre Evacuate Collection Set: 0.4ms
[2025-09-24T19:33:49.047+0300][gc,phases   ] GC(5)   Merge Heap Roots: 0.2ms
[2025-09-24T19:33:49.047+0300][gc,phases   ] GC(5)   Evacuate Collection Set: 1.8ms
[2025-09-24T19:33:49.047+0300][gc,phases   ] GC(5)   Post Evacuate Collection Set: 1.0ms
[2025-09-24T19:33:49.047+0300][gc,phases   ] GC(5)   Other: 0.1ms
[2025-09-24T19:33:49.047+0300][gc,heap     ] GC(5) Eden regions: 5->0(46)
[2025-09-24T19:33:49.047+0300][gc,heap     ] GC(5) Survivor regions: 7->5(7)
[2025-09-24T19:33:49.047+0300][gc,heap     ] GC(5) Old regions: 10->13
[2025-09-24T19:33:49.047+0300][gc,heap     ] GC(5) Humongous regions: 9->9
[2025-09-24T19:33:49.047+0300][gc,metaspace] GC(5) Metaspace: 35813K(36160K)->35813K(36160K) NonClass: 31905K(32064K)->31905K(32064K) Class: 3908K(4096K)->3908K(4096K)
[2025-09-24T19:33:49.047+0300][gc          ] GC(5) Pause Young (Concurrent Start) (Metadata GC Threshold) 29M->25M(1024M) 3.624ms
[2025-09-24T19:33:49.047+0300][gc          ] GC(6) Concurrent Mark Cycle
[2025-09-24T19:33:49.047+0300][gc,marking  ] GC(6) Concurrent Scan Root Regions
[2025-09-24T19:33:49.047+0300][gc,cpu      ] GC(5) User=0.00s Sys=0.03s Real=0.01s
[2025-09-24T19:33:49.048+0300][gc,marking  ] GC(6) Concurrent Scan Root Regions 0.908ms
[2025-09-24T19:33:49.048+0300][gc,marking  ] GC(6) Concurrent Mark
[2025-09-24T19:33:49.048+0300][gc,marking  ] GC(6) Concurrent Mark From Roots
[2025-09-24T19:33:49.048+0300][gc,task     ] GC(6) Using 5 workers of 5 for marking
[2025-09-24T19:33:49.050+0300][gc,marking  ] GC(6) Concurrent Mark From Roots 2.297ms
[2025-09-24T19:33:49.050+0300][gc,marking  ] GC(6) Concurrent Preclean
[2025-09-24T19:33:49.050+0300][gc,marking  ] GC(6) Concurrent Preclean 0.036ms
[2025-09-24T19:33:49.050+0300][gc,start    ] GC(6) Pause Remark
[2025-09-24T19:33:49.053+0300][gc          ] GC(6) Pause Remark 26M->26M(1024M) 2.109ms
[2025-09-24T19:33:49.053+0300][gc,cpu      ] GC(6) User=0.00s Sys=0.02s Real=0.00s
[2025-09-24T19:33:49.053+0300][gc,marking  ] GC(6) Concurrent Mark 4.691ms
[2025-09-24T19:33:49.053+0300][gc,marking  ] GC(6) Concurrent Rebuild Remembered Sets and Scrub Regions
[2025-09-24T19:33:49.054+0300][gc,marking  ] GC(6) Concurrent Rebuild Remembered Sets and Scrub Regions 1.272ms
[2025-09-24T19:33:49.055+0300][gc,start    ] GC(6) Pause Cleanup
[2025-09-24T19:33:49.055+0300][gc          ] GC(6) Pause Cleanup 26M->26M(1024M) 0.213ms
[2025-09-24T19:33:49.055+0300][gc,cpu      ] GC(6) User=0.00s Sys=0.00s Real=0.00s
[2025-09-24T19:33:49.055+0300][gc,marking  ] GC(6) Concurrent Clear Claimed Marks
[2025-09-24T19:33:49.055+0300][gc,marking  ] GC(6) Concurrent Clear Claimed Marks 0.054ms
[2025-09-24T19:33:49.055+0300][gc,marking  ] GC(6) Concurrent Cleanup for Next Mark
[2025-09-24T19:33:49.055+0300][gc,marking  ] GC(6) Concurrent Cleanup for Next Mark 0.373ms
[2025-09-24T19:33:49.055+0300][gc          ] GC(6) Concurrent Mark Cycle 8.389ms
[2025-09-24T19:33:49.836+0300][gc,start    ] GC(7) Pause Young (Prepare Mixed) (G1 Evacuation Pause)
[2025-09-24T19:33:49.836+0300][gc,task     ] GC(7) Using 20 workers of 20 for evacuation
[2025-09-24T19:33:49.839+0300][gc,phases   ] GC(7)   Pre Evacuate Collection Set: 0.2ms
[2025-09-24T19:33:49.839+0300][gc,phases   ] GC(7)   Merge Heap Roots: 0.1ms
[2025-09-24T19:33:49.839+0300][gc,phases   ] GC(7)   Evacuate Collection Set: 1.9ms
[2025-09-24T19:33:49.839+0300][gc,phases   ] GC(7)   Post Evacuate Collection Set: 0.6ms
[2025-09-24T19:33:49.839+0300][gc,phases   ] GC(7)   Other: 0.0ms
[2025-09-24T19:33:49.839+0300][gc,heap     ] GC(7) Eden regions: 46->0(47)
[2025-09-24T19:33:49.839+0300][gc,heap     ] GC(7) Survivor regions: 5->4(7)
[2025-09-24T19:33:49.839+0300][gc,heap     ] GC(7) Old regions: 13->16
[2025-09-24T19:33:49.839+0300][gc,heap     ] GC(7) Humongous regions: 162->144
[2025-09-24T19:33:49.839+0300][gc,metaspace] GC(7) Metaspace: 40867K(41344K)->40867K(41344K) NonClass: 36334K(36608K)->36334K(36608K) Class: 4532K(4736K)->4532K(4736K)
[2025-09-24T19:33:49.839+0300][gc          ] GC(7) Pause Young (Prepare Mixed) (G1 Evacuation Pause) 224M->163M(1024M) 2.930ms
[2025-09-24T19:33:49.839+0300][gc,cpu      ] GC(7) User=0.02s Sys=0.01s Real=0.00s
[2025-09-24T19:36:10.315+0300][gc,start    ] GC(8) Pause Young (Mixed) (G1 Evacuation Pause)
[2025-09-24T19:36:10.315+0300][gc,task     ] GC(8) Using 20 workers of 20 for evacuation
[2025-09-24T19:36:10.317+0300][gc,phases   ] GC(8)   Pre Evacuate Collection Set: 0.3ms
[2025-09-24T19:36:10.317+0300][gc,phases   ] GC(8)   Merge Heap Roots: 0.2ms
[2025-09-24T19:36:10.317+0300][gc,phases   ] GC(8)   Evacuate Collection Set: 1.4ms
[2025-09-24T19:36:10.317+0300][gc,phases   ] GC(8)   Post Evacuate Collection Set: 0.5ms
[2025-09-24T19:36:10.317+0300][gc,phases   ] GC(8)   Other: 0.1ms
[2025-09-24T19:36:10.317+0300][gc,heap     ] GC(8) Eden regions: 47->0(45)
[2025-09-24T19:36:10.317+0300][gc,heap     ] GC(8) Survivor regions: 4->6(7)
[2025-09-24T19:36:10.317+0300][gc,heap     ] GC(8) Old regions: 16->16
[2025-09-24T19:36:10.317+0300][gc,heap     ] GC(8) Humongous regions: 144->138
[2025-09-24T19:36:10.317+0300][gc,metaspace] GC(8) Metaspace: 45288K(46080K)->45288K(46080K) NonClass: 40100K(40576K)->40100K(40576K) Class: 5187K(5504K)->5187K(5504K)
[2025-09-24T19:36:10.317+0300][gc          ] GC(8) Pause Young (Mixed) (G1 Evacuation Pause) 210M->159M(1024M) 2.610ms
[2025-09-24T19:36:10.317+0300][gc,cpu      ] GC(8) User=0.02s Sys=0.00s Real=0.00s
[2025-09-24T19:36:10.954+0300][gc,heap,exit] Heap
[2025-09-24T19:36:10.954+0300][gc,heap,exit]  garbage-first heap   total 1048576K, used 176495K [0x00000000c0000000, 0x0000000100000000)
[2025-09-24T19:36:10.954+0300][gc,heap,exit]   region size 1024K, 20 young (20480K), 6 survivors (6144K)
[2025-09-24T19:36:10.954+0300][gc,heap,exit]  Metaspace       used 46035K, committed 46720K, reserved 1114112K
[2025-09-24T19:36:10.954+0300][gc,heap,exit]   class space    used 5363K, committed 5632K, reserved 1048576K
