[2025-09-24T19:25:55.242+0300][gc,init] CardTable entry size: 512
[2025-09-24T19:25:55.242+0300][gc     ] Using G1
[2025-09-24T19:25:55.244+0300][gc,init] Version: 21.0.8+9-Ubuntu-0ubuntu124.04.1 (release)
[2025-09-24T19:25:55.244+0300][gc,init] CPUs: 28 total, 28 available
[2025-09-24T19:25:55.244+0300][gc,init] Memory: 15902M
[2025-09-24T19:25:55.244+0300][gc,init] Large Page Support: Disabled
[2025-09-24T19:25:55.244+0300][gc,init] NUMA Support: Disabled
[2025-09-24T19:25:55.244+0300][gc,init] Compressed Oops: Enabled (32-bit)
[2025-09-24T19:25:55.244+0300][gc,init] Heap Region Size: 1M
[2025-09-24T19:25:55.244+0300][gc,init] Heap Min Capacity: 1G
[2025-09-24T19:25:55.244+0300][gc,init] Heap Initial Capacity: 1G
[2025-09-24T19:25:55.244+0300][gc,init] Heap Max Capacity: 1G
[2025-09-24T19:25:55.244+0300][gc,init] Pre-touch: Disabled
[2025-09-24T19:25:55.244+0300][gc,init] Parallel Workers: 20
[2025-09-24T19:25:55.244+0300][gc,init] Concurrent Workers: 5
[2025-09-24T19:25:55.244+0300][gc,init] Concurrent Refinement Workers: 20
[2025-09-24T19:25:55.244+0300][gc,init] Periodic GC: Disabled
[2025-09-24T19:25:55.248+0300][gc,metaspace] CDS archive(s) mapped at: [0x00007f071f000000-0x00007f071fca0000-0x00007f071fca0000), size 13238272, SharedBaseAddress: 0x00007f071f000000, ArchiveRelocationMode: 1.
[2025-09-24T19:25:55.248+0300][gc,metaspace] Compressed class space mapped at: 0x00007f0720000000-0x00007f0760000000, reserved size: 1073741824
[2025-09-24T19:25:55.248+0300][gc,metaspace] Narrow klass base: 0x00007f071f000000, Narrow klass shift: 0, Narrow klass range: 0x100000000
[2025-09-24T19:25:55.655+0300][gc,start    ] GC(0) Pause Young (Normal) (G1 Evacuation Pause)
[2025-09-24T19:25:55.656+0300][gc,task     ] GC(0) Using 20 workers of 20 for evacuation
[2025-09-24T19:25:55.661+0300][gc,phases   ] GC(0)   Pre Evacuate Collection Set: 0.2ms
[2025-09-24T19:25:55.661+0300][gc,phases   ] GC(0)   Merge Heap Roots: 0.1ms
[2025-09-24T19:25:55.661+0300][gc,phases   ] GC(0)   Evacuate Collection Set: 2.7ms
[2025-09-24T19:25:55.661+0300][gc,phases   ] GC(0)   Post Evacuate Collection Set: 0.9ms
[2025-09-24T19:25:55.661+0300][gc,phases   ] GC(0)   Other: 1.1ms
[2025-09-24T19:25:55.661+0300][gc,heap     ] GC(0) Eden regions: 51->0(44)
[2025-09-24T19:25:55.661+0300][gc,heap     ] GC(0) Survivor regions: 0->7(7)
[2025-09-24T19:25:55.661+0300][gc,heap     ] GC(0) Old regions: 2->4
[2025-09-24T19:25:55.661+0300][gc,heap     ] GC(0) Humongous regions: 0->0
[2025-09-24T19:25:55.661+0300][gc,metaspace] GC(0) Metaspace: 17925K(18176K)->17925K(18176K) NonClass: 15945K(16064K)->15945K(16064K) Class: 1979K(2112K)->1979K(2112K)
[2025-09-24T19:25:55.661+0300][gc          ] GC(0) Pause Young (Normal) (G1 Evacuation Pause) 52M->9M(1024M) 5.219ms
[2025-09-24T19:25:55.661+0300][gc,cpu      ] GC(0) User=0.01s Sys=0.03s Real=0.01s
[2025-09-24T19:25:55.703+0300][gc,start    ] GC(1) Pause Young (Concurrent Start) (Metadata GC Threshold)
[2025-09-24T19:25:55.703+0300][gc,task     ] GC(1) Using 20 workers of 20 for evacuation
[2025-09-24T19:25:55.707+0300][gc,phases   ] GC(1)   Pre Evacuate Collection Set: 0.3ms
[2025-09-24T19:25:55.707+0300][gc,phases   ] GC(1)   Merge Heap Roots: 0.1ms
[2025-09-24T19:25:55.707+0300][gc,phases   ] GC(1)   Evacuate Collection Set: 3.1ms
[2025-09-24T19:25:55.707+0300][gc,phases   ] GC(1)   Post Evacuate Collection Set: 0.5ms
[2025-09-24T19:25:55.707+0300][gc,phases   ] GC(1)   Other: 0.1ms
[2025-09-24T19:25:55.707+0300][gc,heap     ] GC(1) Eden regions: 12->0(50)
[2025-09-24T19:25:55.707+0300][gc,heap     ] GC(1) Survivor regions: 7->1(7)
[2025-09-24T19:25:55.707+0300][gc,heap     ] GC(1) Old regions: 4->11
[2025-09-24T19:25:55.707+0300][gc,heap     ] GC(1) Humongous regions: 0->0
[2025-09-24T19:25:55.707+0300][gc,metaspace] GC(1) Metaspace: 21309K(21504K)->21309K(21504K) NonClass: 19095K(19200K)->19095K(19200K) Class: 2213K(2304K)->2213K(2304K)
[2025-09-24T19:25:55.707+0300][gc          ] GC(1) Pause Young (Concurrent Start) (Metadata GC Threshold) 20M->10M(1024M) 4.147ms
[2025-09-24T19:25:55.707+0300][gc,cpu      ] GC(1) User=0.04s Sys=0.01s Real=0.00s
[2025-09-24T19:25:55.707+0300][gc          ] GC(2) Concurrent Mark Cycle
[2025-09-24T19:25:55.707+0300][gc,marking  ] GC(2) Concurrent Scan Root Regions
[2025-09-24T19:25:55.708+0300][gc,marking  ] GC(2) Concurrent Scan Root Regions 0.692ms
[2025-09-24T19:25:55.708+0300][gc,marking  ] GC(2) Concurrent Mark
[2025-09-24T19:25:55.708+0300][gc,marking  ] GC(2) Concurrent Mark From Roots
[2025-09-24T19:25:55.708+0300][gc,task     ] GC(2) Using 5 workers of 5 for marking
[2025-09-24T19:25:55.709+0300][gc,marking  ] GC(2) Concurrent Mark From Roots 0.724ms
[2025-09-24T19:25:55.709+0300][gc,marking  ] GC(2) Concurrent Preclean
[2025-09-24T19:25:55.709+0300][gc,marking  ] GC(2) Concurrent Preclean 0.005ms
[2025-09-24T19:25:55.709+0300][gc,start    ] GC(2) Pause Remark
[2025-09-24T19:25:55.710+0300][gc          ] GC(2) Pause Remark 11M->11M(1024M) 1.399ms
[2025-09-24T19:25:55.710+0300][gc,cpu      ] GC(2) User=0.00s Sys=0.01s Real=0.01s
[2025-09-24T19:25:55.710+0300][gc,marking  ] GC(2) Concurrent Mark 2.304ms
[2025-09-24T19:25:55.711+0300][gc,marking  ] GC(2) Concurrent Rebuild Remembered Sets and Scrub Regions
[2025-09-24T19:25:55.711+0300][gc,marking  ] GC(2) Concurrent Rebuild Remembered Sets and Scrub Regions 0.403ms
[2025-09-24T19:25:55.711+0300][gc,start    ] GC(2) Pause Cleanup
[2025-09-24T19:25:55.711+0300][gc          ] GC(2) Pause Cleanup 11M->11M(1024M) 0.161ms
[2025-09-24T19:25:55.711+0300][gc,cpu      ] GC(2) User=0.00s Sys=0.00s Real=0.00s
[2025-09-24T19:25:55.711+0300][gc,marking  ] GC(2) Concurrent Clear Claimed Marks
[2025-09-24T19:25:55.711+0300][gc,marking  ] GC(2) Concurrent Clear Claimed Marks 0.017ms
[2025-09-24T19:25:55.711+0300][gc,marking  ] GC(2) Concurrent Cleanup for Next Mark
[2025-09-24T19:25:55.712+0300][gc,marking  ] GC(2) Concurrent Cleanup for Next Mark 0.749ms
[2025-09-24T19:25:55.712+0300][gc          ] GC(2) Concurrent Mark Cycle 4.592ms
[2025-09-24T19:25:56.008+0300][gc,start    ] GC(3) Pause Young (Prepare Mixed) (G1 Evacuation Pause)
[2025-09-24T19:25:56.008+0300][gc,task     ] GC(3) Using 20 workers of 20 for evacuation
[2025-09-24T19:25:56.010+0300][gc,phases   ] GC(3)   Pre Evacuate Collection Set: 0.2ms
[2025-09-24T19:25:56.010+0300][gc,phases   ] GC(3)   Merge Heap Roots: 0.1ms
[2025-09-24T19:25:56.010+0300][gc,phases   ] GC(3)   Evacuate Collection Set: 1.0ms
[2025-09-24T19:25:56.010+0300][gc,phases   ] GC(3)   Post Evacuate Collection Set: 0.4ms
[2025-09-24T19:25:56.010+0300][gc,phases   ] GC(3)   Other: 0.0ms
[2025-09-24T19:25:56.010+0300][gc,heap     ] GC(3) Eden regions: 50->0(47)
[2025-09-24T19:25:56.010+0300][gc,heap     ] GC(3) Survivor regions: 1->4(7)
[2025-09-24T19:25:56.010+0300][gc,heap     ] GC(3) Old regions: 11->11
[2025-09-24T19:25:56.010+0300][gc,heap     ] GC(3) Humongous regions: 0->0
[2025-09-24T19:25:56.010+0300][gc,metaspace] GC(3) Metaspace: 29795K(30080K)->29795K(30080K) NonClass: 26531K(26688K)->26531K(26688K) Class: 3263K(3392K)->3263K(3392K)
[2025-09-24T19:25:56.010+0300][gc          ] GC(3) Pause Young (Prepare Mixed) (G1 Evacuation Pause) 60M->12M(1024M) 1.925ms
[2025-09-24T19:25:56.010+0300][gc,cpu      ] GC(3) User=0.01s Sys=0.00s Real=0.00s
[2025-09-24T19:25:56.201+0300][gc,start    ] GC(4) Pause Young (Mixed) (G1 Evacuation Pause)
[2025-09-24T19:25:56.201+0300][gc,task     ] GC(4) Using 20 workers of 20 for evacuation
[2025-09-24T19:25:56.204+0300][gc,phases   ] GC(4)   Pre Evacuate Collection Set: 0.2ms
[2025-09-24T19:25:56.204+0300][gc,phases   ] GC(4)   Merge Heap Roots: 0.2ms
[2025-09-24T19:25:56.204+0300][gc,phases   ] GC(4)   Evacuate Collection Set: 1.3ms
[2025-09-24T19:25:56.204+0300][gc,phases   ] GC(4)   Post Evacuate Collection Set: 0.8ms
[2025-09-24T19:25:56.204+0300][gc,phases   ] GC(4)   Other: 0.1ms
[2025-09-24T19:25:56.204+0300][gc,heap     ] GC(4) Eden regions: 47->0(44)
[2025-09-24T19:25:56.204+0300][gc,heap     ] GC(4) Survivor regions: 4->7(7)
[2025-09-24T19:25:56.204+0300][gc,heap     ] GC(4) Old regions: 11->10
[2025-09-24T19:25:56.204+0300][gc,heap     ] GC(4) Humongous regions: 11->9
[2025-09-24T19:25:56.204+0300][gc,metaspace] GC(4) Metaspace: 35422K(35776K)->35422K(35776K) NonClass: 31551K(31744K)->31551K(31744K) Class: 3871K(4032K)->3871K(4032K)
[2025-09-24T19:25:56.204+0300][gc          ] GC(4) Pause Young (Mixed) (G1 Evacuation Pause) 70M->24M(1024M) 2.714ms
[2025-09-24T19:25:56.204+0300][gc,cpu      ] GC(4) User=0.02s Sys=0.00s Real=0.00s
[2025-09-24T19:25:56.216+0300][gc,start    ] GC(5) Pause Young (Concurrent Start) (Metadata GC Threshold)
[2025-09-24T19:25:56.216+0300][gc,task     ] GC(5) Using 20 workers of 20 for evacuation
[2025-09-24T19:25:56.219+0300][gc,phases   ] GC(5)   Pre Evacuate Collection Set: 0.2ms
[2025-09-24T19:25:56.219+0300][gc,phases   ] GC(5)   Merge Heap Roots: 0.1ms
[2025-09-24T19:25:56.219+0300][gc,phases   ] GC(5)   Evacuate Collection Set: 1.9ms
[2025-09-24T19:25:56.219+0300][gc,phases   ] GC(5)   Post Evacuate Collection Set: 0.6ms
[2025-09-24T19:25:56.219+0300][gc,phases   ] GC(5)   Other: 0.1ms
[2025-09-24T19:25:56.219+0300][gc,heap     ] GC(5) Eden regions: 4->0(46)
[2025-09-24T19:25:56.219+0300][gc,heap     ] GC(5) Survivor regions: 7->5(7)
[2025-09-24T19:25:56.219+0300][gc,heap     ] GC(5) Old regions: 10->13
[2025-09-24T19:25:56.219+0300][gc,heap     ] GC(5) Humongous regions: 9->9
[2025-09-24T19:25:56.219+0300][gc,metaspace] GC(5) Metaspace: 35807K(36160K)->35807K(36160K) NonClass: 31899K(32064K)->31899K(32064K) Class: 3907K(4096K)->3907K(4096K)
[2025-09-24T19:25:56.219+0300][gc          ] GC(5) Pause Young (Concurrent Start) (Metadata GC Threshold) 28M->25M(1024M) 3.004ms
[2025-09-24T19:25:56.219+0300][gc          ] GC(6) Concurrent Mark Cycle
[2025-09-24T19:25:56.219+0300][gc,marking  ] GC(6) Concurrent Scan Root Regions
[2025-09-24T19:25:56.219+0300][gc,cpu      ] GC(5) User=0.02s Sys=0.00s Real=0.00s
[2025-09-24T19:25:56.220+0300][gc,marking  ] GC(6) Concurrent Scan Root Regions 0.801ms
[2025-09-24T19:25:56.220+0300][gc,marking  ] GC(6) Concurrent Mark
[2025-09-24T19:25:56.220+0300][gc,marking  ] GC(6) Concurrent Mark From Roots
[2025-09-24T19:25:56.220+0300][gc,task     ] GC(6) Using 5 workers of 5 for marking
[2025-09-24T19:25:56.222+0300][gc,marking  ] GC(6) Concurrent Mark From Roots 2.157ms
[2025-09-24T19:25:56.222+0300][gc,marking  ] GC(6) Concurrent Preclean
[2025-09-24T19:25:56.222+0300][gc,marking  ] GC(6) Concurrent Preclean 0.041ms
[2025-09-24T19:25:56.222+0300][gc,start    ] GC(6) Pause Remark
[2025-09-24T19:25:56.224+0300][gc          ] GC(6) Pause Remark 26M->26M(1024M) 1.846ms
[2025-09-24T19:25:56.224+0300][gc,cpu      ] GC(6) User=0.01s Sys=0.00s Real=0.00s
[2025-09-24T19:25:56.224+0300][gc,marking  ] GC(6) Concurrent Mark 4.336ms
[2025-09-24T19:25:56.224+0300][gc,marking  ] GC(6) Concurrent Rebuild Remembered Sets and Scrub Regions
[2025-09-24T19:25:56.225+0300][gc,marking  ] GC(6) Concurrent Rebuild Remembered Sets and Scrub Regions 1.244ms
[2025-09-24T19:25:56.226+0300][gc,start    ] GC(6) Pause Cleanup
[2025-09-24T19:25:56.226+0300][gc          ] GC(6) Pause Cleanup 26M->26M(1024M) 0.222ms
[2025-09-24T19:25:56.226+0300][gc,cpu      ] GC(6) User=0.00s Sys=0.00s Real=0.00s
[2025-09-24T19:25:56.226+0300][gc,marking  ] GC(6) Concurrent Clear Claimed Marks
[2025-09-24T19:25:56.226+0300][gc,marking  ] GC(6) Concurrent Clear Claimed Marks 0.066ms
[2025-09-24T19:25:56.226+0300][gc,marking  ] GC(6) Concurrent Cleanup for Next Mark
[2025-09-24T19:25:56.227+0300][gc,marking  ] GC(6) Concurrent Cleanup for Next Mark 0.373ms
[2025-09-24T19:25:56.227+0300][gc          ] GC(6) Concurrent Mark Cycle 8.202ms
[2025-09-24T19:25:57.045+0300][gc,start    ] GC(7) Pause Young (Prepare Mixed) (G1 Evacuation Pause)
[2025-09-24T19:25:57.045+0300][gc,task     ] GC(7) Using 20 workers of 20 for evacuation
[2025-09-24T19:25:57.048+0300][gc,phases   ] GC(7)   Pre Evacuate Collection Set: 0.4ms
[2025-09-24T19:25:57.048+0300][gc,phases   ] GC(7)   Merge Heap Roots: 0.1ms
[2025-09-24T19:25:57.048+0300][gc,phases   ] GC(7)   Evacuate Collection Set: 1.9ms
[2025-09-24T19:25:57.048+0300][gc,phases   ] GC(7)   Post Evacuate Collection Set: 0.6ms
[2025-09-24T19:25:57.048+0300][gc,phases   ] GC(7)   Other: 0.0ms
[2025-09-24T19:25:57.048+0300][gc,heap     ] GC(7) Eden regions: 46->0(46)
[2025-09-24T19:25:57.048+0300][gc,heap     ] GC(7) Survivor regions: 5->5(7)
[2025-09-24T19:25:57.048+0300][gc,heap     ] GC(7) Old regions: 13->16
[2025-09-24T19:25:57.048+0300][gc,heap     ] GC(7) Humongous regions: 162->144
[2025-09-24T19:25:57.048+0300][gc,metaspace] GC(7) Metaspace: 40868K(41344K)->40868K(41344K) NonClass: 36334K(36608K)->36334K(36608K) Class: 4533K(4736K)->4533K(4736K)
[2025-09-24T19:25:57.048+0300][gc          ] GC(7) Pause Young (Prepare Mixed) (G1 Evacuation Pause) 224M->164M(1024M) 3.118ms
[2025-09-24T19:25:57.048+0300][gc,cpu      ] GC(7) User=0.02s Sys=0.01s Real=0.00s
[2025-09-24T19:28:26.927+0300][gc,start    ] GC(8) Pause Young (Mixed) (G1 Evacuation Pause)
[2025-09-24T19:28:26.927+0300][gc,task     ] GC(8) Using 20 workers of 20 for evacuation
[2025-09-24T19:28:26.932+0300][gc,phases   ] GC(8)   Pre Evacuate Collection Set: 0.6ms
[2025-09-24T19:28:26.932+0300][gc,phases   ] GC(8)   Merge Heap Roots: 0.3ms
[2025-09-24T19:28:26.932+0300][gc,phases   ] GC(8)   Evacuate Collection Set: 1.9ms
[2025-09-24T19:28:26.932+0300][gc,phases   ] GC(8)   Post Evacuate Collection Set: 1.4ms
[2025-09-24T19:28:26.932+0300][gc,phases   ] GC(8)   Other: 0.1ms
[2025-09-24T19:28:26.932+0300][gc,heap     ] GC(8) Eden regions: 46->0(44)
[2025-09-24T19:28:26.932+0300][gc,heap     ] GC(8) Survivor regions: 5->7(7)
[2025-09-24T19:28:26.932+0300][gc,heap     ] GC(8) Old regions: 16->17
[2025-09-24T19:28:26.932+0300][gc,heap     ] GC(8) Humongous regions: 144->138
[2025-09-24T19:28:26.932+0300][gc,metaspace] GC(8) Metaspace: 45099K(45760K)->45099K(45760K) NonClass: 39961K(40320K)->39961K(40320K) Class: 5138K(5440K)->5138K(5440K)
[2025-09-24T19:28:26.932+0300][gc          ] GC(8) Pause Young (Mixed) (G1 Evacuation Pause) 210M->161M(1024M) 4.615ms
[2025-09-24T19:28:26.932+0300][gc,cpu      ] GC(8) User=0.04s Sys=0.00s Real=0.01s
[2025-09-24T19:31:38.070+0300][gc,start    ] GC(9) Pause Young (Normal) (G1 Evacuation Pause)
[2025-09-24T19:31:38.070+0300][gc,task     ] GC(9) Using 20 workers of 20 for evacuation
[2025-09-24T19:31:38.072+0300][gc,phases   ] GC(9)   Pre Evacuate Collection Set: 0.3ms
[2025-09-24T19:31:38.072+0300][gc,phases   ] GC(9)   Merge Heap Roots: 0.2ms
[2025-09-24T19:31:38.072+0300][gc,phases   ] GC(9)   Evacuate Collection Set: 1.3ms
[2025-09-24T19:31:38.072+0300][gc,phases   ] GC(9)   Post Evacuate Collection Set: 0.6ms
[2025-09-24T19:31:38.072+0300][gc,phases   ] GC(9)   Other: 0.0ms
[2025-09-24T19:31:38.072+0300][gc,heap     ] GC(9) Eden regions: 44->0(47)
[2025-09-24T19:31:38.072+0300][gc,heap     ] GC(9) Survivor regions: 7->4(7)
[2025-09-24T19:31:38.072+0300][gc,heap     ] GC(9) Old regions: 17->20
[2025-09-24T19:31:38.072+0300][gc,heap     ] GC(9) Humongous regions: 138->138
[2025-09-24T19:31:38.072+0300][gc,metaspace] GC(9) Metaspace: 45446K(46144K)->45446K(46144K) NonClass: 40302K(40704K)->40302K(40704K) Class: 5144K(5440K)->5144K(5440K)
[2025-09-24T19:31:38.072+0300][gc          ] GC(9) Pause Young (Normal) (G1 Evacuation Pause) 205M->161M(1024M) 2.505ms
[2025-09-24T19:31:38.072+0300][gc,cpu      ] GC(9) User=0.01s Sys=0.00s Real=0.01s
[2025-09-24T19:32:21.143+0300][gc,heap,exit] Heap
[2025-09-24T19:32:21.143+0300][gc,heap,exit]  garbage-first heap   total 1048576K, used 190222K [0x00000000c0000000, 0x0000000100000000)
[2025-09-24T19:32:21.143+0300][gc,heap,exit]   region size 1024K, 29 young (29696K), 4 survivors (4096K)
[2025-09-24T19:32:21.143+0300][gc,heap,exit]  Metaspace       used 46422K, committed 47104K, reserved 1114112K
[2025-09-24T19:32:21.143+0300][gc,heap,exit]   class space    used 5355K, committed 5632K, reserved 1048576K
