[2025-09-24T19:06:18.817+0300][gc,init] CardTable entry size: 512
[2025-09-24T19:06:18.817+0300][gc     ] Using G1
[2025-09-24T19:06:18.820+0300][gc,init] Version: 21.0.8+9-Ubuntu-0ubuntu124.04.1 (release)
[2025-09-24T19:06:18.820+0300][gc,init] CPUs: 28 total, 28 available
[2025-09-24T19:06:18.820+0300][gc,init] Memory: 15902M
[2025-09-24T19:06:18.820+0300][gc,init] Large Page Support: Disabled
[2025-09-24T19:06:18.820+0300][gc,init] NUMA Support: Disabled
[2025-09-24T19:06:18.820+0300][gc,init] Compressed Oops: Enabled (32-bit)
[2025-09-24T19:06:18.820+0300][gc,init] Heap Region Size: 1M
[2025-09-24T19:06:18.820+0300][gc,init] Heap Min Capacity: 1G
[2025-09-24T19:06:18.820+0300][gc,init] Heap Initial Capacity: 1G
[2025-09-24T19:06:18.820+0300][gc,init] Heap Max Capacity: 1G
[2025-09-24T19:06:18.820+0300][gc,init] Pre-touch: Disabled
[2025-09-24T19:06:18.820+0300][gc,init] Parallel Workers: 20
[2025-09-24T19:06:18.820+0300][gc,init] Concurrent Workers: 5
[2025-09-24T19:06:18.820+0300][gc,init] Concurrent Refinement Workers: 20
[2025-09-24T19:06:18.820+0300][gc,init] Periodic GC: Disabled
[2025-09-24T19:06:18.825+0300][gc,metaspace] CDS archive(s) mapped at: [0x00007f77b7000000-0x00007f77b7ca0000-0x00007f77b7ca0000), size 13238272, SharedBaseAddress: 0x00007f77b7000000, ArchiveRelocationMode: 1.
[2025-09-24T19:06:18.825+0300][gc,metaspace] Compressed class space mapped at: 0x00007f77b8000000-0x00007f77f8000000, reserved size: 1073741824
[2025-09-24T19:06:18.825+0300][gc,metaspace] Narrow klass base: 0x00007f77b7000000, Narrow klass shift: 0, Narrow klass range: 0x100000000
[2025-09-24T19:06:19.323+0300][gc,start    ] GC(0) Pause Young (Normal) (G1 Evacuation Pause)
[2025-09-24T19:06:19.324+0300][gc,task     ] GC(0) Using 20 workers of 20 for evacuation
[2025-09-24T19:06:19.331+0300][gc,phases   ] GC(0)   Pre Evacuate Collection Set: 0.2ms
[2025-09-24T19:06:19.331+0300][gc,phases   ] GC(0)   Merge Heap Roots: 0.2ms
[2025-09-24T19:06:19.331+0300][gc,phases   ] GC(0)   Evacuate Collection Set: 5.2ms
[2025-09-24T19:06:19.331+0300][gc,phases   ] GC(0)   Post Evacuate Collection Set: 1.0ms
[2025-09-24T19:06:19.331+0300][gc,phases   ] GC(0)   Other: 1.3ms
[2025-09-24T19:06:19.331+0300][gc,heap     ] GC(0) Eden regions: 51->0(44)
[2025-09-24T19:06:19.331+0300][gc,heap     ] GC(0) Survivor regions: 0->7(7)
[2025-09-24T19:06:19.331+0300][gc,heap     ] GC(0) Old regions: 2->4
[2025-09-24T19:06:19.331+0300][gc,heap     ] GC(0) Humongous regions: 0->0
[2025-09-24T19:06:19.331+0300][gc,metaspace] GC(0) Metaspace: 17722K(17984K)->17722K(17984K) NonClass: 15753K(15872K)->15753K(15872K) Class: 1968K(2112K)->1968K(2112K)
[2025-09-24T19:06:19.331+0300][gc          ] GC(0) Pause Young (Normal) (G1 Evacuation Pause) 52M->9M(1024M) 8.107ms
[2025-09-24T19:06:19.331+0300][gc,cpu      ] GC(0) User=0.05s Sys=0.01s Real=0.00s
[2025-09-24T19:06:19.386+0300][gc,start    ] GC(1) Pause Young (Concurrent Start) (Metadata GC Threshold)
[2025-09-24T19:06:19.386+0300][gc,task     ] GC(1) Using 20 workers of 20 for evacuation
[2025-09-24T19:06:19.392+0300][gc,phases   ] GC(1)   Pre Evacuate Collection Set: 0.2ms
[2025-09-24T19:06:19.392+0300][gc,phases   ] GC(1)   Merge Heap Roots: 0.1ms
[2025-09-24T19:06:19.392+0300][gc,phases   ] GC(1)   Evacuate Collection Set: 5.7ms
[2025-09-24T19:06:19.392+0300][gc,phases   ] GC(1)   Post Evacuate Collection Set: 0.5ms
[2025-09-24T19:06:19.392+0300][gc,phases   ] GC(1)   Other: 0.0ms
[2025-09-24T19:06:19.392+0300][gc,heap     ] GC(1) Eden regions: 12->0(50)
[2025-09-24T19:06:19.392+0300][gc,heap     ] GC(1) Survivor regions: 7->1(7)
[2025-09-24T19:06:19.392+0300][gc,heap     ] GC(1) Old regions: 4->11
[2025-09-24T19:06:19.392+0300][gc,heap     ] GC(1) Humongous regions: 0->0
[2025-09-24T19:06:19.392+0300][gc,metaspace] GC(1) Metaspace: 21298K(21504K)->21298K(21504K) NonClass: 19086K(19200K)->19086K(19200K) Class: 2212K(2304K)->2212K(2304K)
[2025-09-24T19:06:19.392+0300][gc          ] GC(1) Pause Young (Concurrent Start) (Metadata GC Threshold) 21M->10M(1024M) 6.671ms
[2025-09-24T19:06:19.392+0300][gc,cpu      ] GC(1) User=0.04s Sys=0.01s Real=0.00s
[2025-09-24T19:06:19.392+0300][gc          ] GC(2) Concurrent Mark Cycle
[2025-09-24T19:06:19.392+0300][gc,marking  ] GC(2) Concurrent Scan Root Regions
[2025-09-24T19:06:19.393+0300][gc,marking  ] GC(2) Concurrent Scan Root Regions 0.775ms
[2025-09-24T19:06:19.393+0300][gc,marking  ] GC(2) Concurrent Mark
[2025-09-24T19:06:19.393+0300][gc,marking  ] GC(2) Concurrent Mark From Roots
[2025-09-24T19:06:19.393+0300][gc,task     ] GC(2) Using 5 workers of 5 for marking
[2025-09-24T19:06:19.394+0300][gc,marking  ] GC(2) Concurrent Mark From Roots 0.843ms
[2025-09-24T19:06:19.394+0300][gc,marking  ] GC(2) Concurrent Preclean
[2025-09-24T19:06:19.394+0300][gc,marking  ] GC(2) Concurrent Preclean 0.014ms
[2025-09-24T19:06:19.394+0300][gc,start    ] GC(2) Pause Remark
[2025-09-24T19:06:19.397+0300][gc          ] GC(2) Pause Remark 11M->11M(1024M) 2.325ms
[2025-09-24T19:06:19.397+0300][gc,cpu      ] GC(2) User=0.00s Sys=0.00s Real=0.00s
[2025-09-24T19:06:19.397+0300][gc,marking  ] GC(2) Concurrent Mark 3.381ms
[2025-09-24T19:06:19.397+0300][gc,marking  ] GC(2) Concurrent Rebuild Remembered Sets and Scrub Regions
[2025-09-24T19:06:19.397+0300][gc,marking  ] GC(2) Concurrent Rebuild Remembered Sets and Scrub Regions 0.527ms
[2025-09-24T19:06:19.397+0300][gc,start    ] GC(2) Pause Cleanup
[2025-09-24T19:06:19.398+0300][gc          ] GC(2) Pause Cleanup 11M->11M(1024M) 0.169ms
[2025-09-24T19:06:19.398+0300][gc,cpu      ] GC(2) User=0.00s Sys=0.00s Real=0.00s
[2025-09-24T19:06:19.398+0300][gc,marking  ] GC(2) Concurrent Clear Claimed Marks
[2025-09-24T19:06:19.398+0300][gc,marking  ] GC(2) Concurrent Clear Claimed Marks 0.037ms
[2025-09-24T19:06:19.398+0300][gc,marking  ] GC(2) Concurrent Cleanup for Next Mark
[2025-09-24T19:06:19.398+0300][gc,marking  ] GC(2) Concurrent Cleanup for Next Mark 0.807ms
[2025-09-24T19:06:19.398+0300][gc          ] GC(2) Concurrent Mark Cycle 6.096ms
[2025-09-24T19:06:19.783+0300][gc,start    ] GC(3) Pause Young (Prepare Mixed) (G1 Evacuation Pause)
[2025-09-24T19:06:19.783+0300][gc,task     ] GC(3) Using 20 workers of 20 for evacuation
[2025-09-24T19:06:19.785+0300][gc,phases   ] GC(3)   Pre Evacuate Collection Set: 0.2ms
[2025-09-24T19:06:19.785+0300][gc,phases   ] GC(3)   Merge Heap Roots: 0.2ms
[2025-09-24T19:06:19.785+0300][gc,phases   ] GC(3)   Evacuate Collection Set: 1.1ms
[2025-09-24T19:06:19.785+0300][gc,phases   ] GC(3)   Post Evacuate Collection Set: 0.5ms
[2025-09-24T19:06:19.785+0300][gc,phases   ] GC(3)   Other: 0.0ms
[2025-09-24T19:06:19.785+0300][gc,heap     ] GC(3) Eden regions: 50->0(47)
[2025-09-24T19:06:19.785+0300][gc,heap     ] GC(3) Survivor regions: 1->4(7)
[2025-09-24T19:06:19.785+0300][gc,heap     ] GC(3) Old regions: 11->11
[2025-09-24T19:06:19.785+0300][gc,heap     ] GC(3) Humongous regions: 9->9
[2025-09-24T19:06:19.785+0300][gc,metaspace] GC(3) Metaspace: 29920K(30208K)->29920K(30208K) NonClass: 26643K(26816K)->26643K(26816K) Class: 3276K(3392K)->3276K(3392K)
[2025-09-24T19:06:19.785+0300][gc          ] GC(3) Pause Young (Prepare Mixed) (G1 Evacuation Pause) 69M->21M(1024M) 2.125ms
[2025-09-24T19:06:19.785+0300][gc,cpu      ] GC(3) User=0.01s Sys=0.00s Real=0.00s
[2025-09-24T19:06:19.996+0300][gc,start    ] GC(4) Pause Young (Mixed) (Metadata GC Threshold)
[2025-09-24T19:06:19.996+0300][gc,task     ] GC(4) Using 20 workers of 20 for evacuation
[2025-09-24T19:06:19.999+0300][gc,phases   ] GC(4)   Pre Evacuate Collection Set: 0.2ms
[2025-09-24T19:06:19.999+0300][gc,phases   ] GC(4)   Merge Heap Roots: 0.1ms
[2025-09-24T19:06:19.999+0300][gc,phases   ] GC(4)   Evacuate Collection Set: 1.4ms
[2025-09-24T19:06:19.999+0300][gc,phases   ] GC(4)   Post Evacuate Collection Set: 0.6ms
[2025-09-24T19:06:19.999+0300][gc,phases   ] GC(4)   Other: 0.0ms
[2025-09-24T19:06:19.999+0300][gc,heap     ] GC(4) Eden regions: 46->0(44)
[2025-09-24T19:06:19.999+0300][gc,heap     ] GC(4) Survivor regions: 4->7(7)
[2025-09-24T19:06:19.999+0300][gc,heap     ] GC(4) Old regions: 11->10
[2025-09-24T19:06:19.999+0300][gc,heap     ] GC(4) Humongous regions: 11->9
[2025-09-24T19:06:19.999+0300][gc,metaspace] GC(4) Metaspace: 35793K(36160K)->35793K(36160K) NonClass: 31886K(32064K)->31886K(32064K) Class: 3907K(4096K)->3907K(4096K)
[2025-09-24T19:06:19.999+0300][gc          ] GC(4) Pause Young (Mixed) (Metadata GC Threshold) 69M->25M(1024M) 2.533ms
[2025-09-24T19:06:19.999+0300][gc,cpu      ] GC(4) User=0.02s Sys=0.00s Real=0.00s
[2025-09-24T19:06:20.008+0300][gc,start    ] GC(5) Pause Young (Concurrent Start) (Metadata GC Threshold)
[2025-09-24T19:06:20.008+0300][gc,task     ] GC(5) Using 20 workers of 20 for evacuation
[2025-09-24T19:06:20.018+0300][gc,phases   ] GC(5)   Pre Evacuate Collection Set: 0.3ms
[2025-09-24T19:06:20.018+0300][gc,phases   ] GC(5)   Merge Heap Roots: 0.1ms
[2025-09-24T19:06:20.018+0300][gc,phases   ] GC(5)   Evacuate Collection Set: 8.7ms
[2025-09-24T19:06:20.018+0300][gc,phases   ] GC(5)   Post Evacuate Collection Set: 0.6ms
[2025-09-24T19:06:20.018+0300][gc,phases   ] GC(5)   Other: 0.1ms
[2025-09-24T19:06:20.018+0300][gc,heap     ] GC(5) Eden regions: 2->0(50)
[2025-09-24T19:06:20.018+0300][gc,heap     ] GC(5) Survivor regions: 7->1(7)
[2025-09-24T19:06:20.018+0300][gc,heap     ] GC(5) Old regions: 10->17
[2025-09-24T19:06:20.018+0300][gc,heap     ] GC(5) Humongous regions: 9->9
[2025-09-24T19:06:20.018+0300][gc,metaspace] GC(5) Metaspace: 36129K(36480K)->36129K(36480K) NonClass: 32205K(32384K)->32205K(32384K) Class: 3923K(4096K)->3923K(4096K)
[2025-09-24T19:06:20.018+0300][gc          ] GC(5) Pause Young (Concurrent Start) (Metadata GC Threshold) 27M->26M(1024M) 10.042ms
[2025-09-24T19:06:20.018+0300][gc          ] GC(6) Concurrent Mark Cycle
[2025-09-24T19:06:20.018+0300][gc,marking  ] GC(6) Concurrent Scan Root Regions
[2025-09-24T19:06:20.018+0300][gc,cpu      ] GC(5) User=0.05s Sys=0.07s Real=0.01s
[2025-09-24T19:06:20.019+0300][gc,marking  ] GC(6) Concurrent Scan Root Regions 0.832ms
[2025-09-24T19:06:20.019+0300][gc,marking  ] GC(6) Concurrent Mark
[2025-09-24T19:06:20.019+0300][gc,marking  ] GC(6) Concurrent Mark From Roots
[2025-09-24T19:06:20.019+0300][gc,task     ] GC(6) Using 5 workers of 5 for marking
[2025-09-24T19:06:20.021+0300][gc,marking  ] GC(6) Concurrent Mark From Roots 2.096ms
[2025-09-24T19:06:20.021+0300][gc,marking  ] GC(6) Concurrent Preclean
[2025-09-24T19:06:20.021+0300][gc,marking  ] GC(6) Concurrent Preclean 0.028ms
[2025-09-24T19:06:20.021+0300][gc,start    ] GC(6) Pause Remark
[2025-09-24T19:06:20.023+0300][gc          ] GC(6) Pause Remark 27M->27M(1024M) 1.869ms
[2025-09-24T19:06:20.023+0300][gc,cpu      ] GC(6) User=0.02s Sys=0.00s Real=0.00s
[2025-09-24T19:06:20.023+0300][gc,marking  ] GC(6) Concurrent Mark 4.187ms
[2025-09-24T19:06:20.023+0300][gc,marking  ] GC(6) Concurrent Rebuild Remembered Sets and Scrub Regions
[2025-09-24T19:06:20.024+0300][gc,marking  ] GC(6) Concurrent Rebuild Remembered Sets and Scrub Regions 1.231ms
[2025-09-24T19:06:20.024+0300][gc,start    ] GC(6) Pause Cleanup
[2025-09-24T19:06:20.025+0300][gc          ] GC(6) Pause Cleanup 27M->27M(1024M) 0.220ms
[2025-09-24T19:06:20.025+0300][gc,cpu      ] GC(6) User=0.00s Sys=0.00s Real=0.00s
[2025-09-24T19:06:20.025+0300][gc,marking  ] GC(6) Concurrent Clear Claimed Marks
[2025-09-24T19:06:20.025+0300][gc,marking  ] GC(6) Concurrent Clear Claimed Marks 0.058ms
[2025-09-24T19:06:20.025+0300][gc,marking  ] GC(6) Concurrent Cleanup for Next Mark
[2025-09-24T19:06:20.025+0300][gc,marking  ] GC(6) Concurrent Cleanup for Next Mark 0.384ms
[2025-09-24T19:06:20.025+0300][gc          ] GC(6) Concurrent Mark Cycle 7.258ms
[2025-09-24T19:06:25.346+0300][gc,start    ] GC(7) Pause Young (Prepare Mixed) (G1 Evacuation Pause)
[2025-09-24T19:06:25.346+0300][gc,task     ] GC(7) Using 20 workers of 20 for evacuation
[2025-09-24T19:06:25.348+0300][gc,phases   ] GC(7)   Pre Evacuate Collection Set: 0.2ms
[2025-09-24T19:06:25.348+0300][gc,phases   ] GC(7)   Merge Heap Roots: 0.1ms
[2025-09-24T19:06:25.348+0300][gc,phases   ] GC(7)   Evacuate Collection Set: 0.9ms
[2025-09-24T19:06:25.348+0300][gc,phases   ] GC(7)   Post Evacuate Collection Set: 0.5ms
[2025-09-24T19:06:25.348+0300][gc,phases   ] GC(7)   Other: 0.0ms
[2025-09-24T19:06:25.348+0300][gc,heap     ] GC(7) Eden regions: 50->0(47)
[2025-09-24T19:06:25.348+0300][gc,heap     ] GC(7) Survivor regions: 1->4(7)
[2025-09-24T19:06:25.348+0300][gc,heap     ] GC(7) Old regions: 17->17
[2025-09-24T19:06:25.348+0300][gc,heap     ] GC(7) Humongous regions: 162->138
[2025-09-24T19:06:25.348+0300][gc,metaspace] GC(7) Metaspace: 41303K(41792K)->41303K(41792K) NonClass: 36686K(36928K)->36686K(36928K) Class: 4617K(4864K)->4617K(4864K)
[2025-09-24T19:06:25.348+0300][gc          ] GC(7) Pause Young (Prepare Mixed) (G1 Evacuation Pause) 229M->157M(1024M) 1.845ms
[2025-09-24T19:06:25.348+0300][gc,cpu      ] GC(7) User=0.01s Sys=0.00s Real=0.00s
[2025-09-24T19:08:10.721+0300][gc,heap,exit] Heap
[2025-09-24T19:08:10.721+0300][gc,heap,exit]  garbage-first heap   total 1048576K, used 216561K [0x00000000c0000000, 0x0000000100000000)
[2025-09-24T19:08:10.721+0300][gc,heap,exit]   region size 1024K, 49 young (50176K), 4 survivors (4096K)
[2025-09-24T19:08:10.721+0300][gc,heap,exit]  Metaspace       used 45610K, committed 46272K, reserved 1114112K
[2025-09-24T19:08:10.721+0300][gc,heap,exit]   class space    used 5299K, committed 5568K, reserved 1048576K
