[2025-09-24T19:36:10.865+0300][gc,init] CardTable entry size: 512
[2025-09-24T19:36:10.865+0300][gc     ] Using G1
[2025-09-24T19:36:10.867+0300][gc,init] Version: 21.0.8+9-Ubuntu-0ubuntu124.04.1 (release)
[2025-09-24T19:36:10.867+0300][gc,init] CPUs: 28 total, 28 available
[2025-09-24T19:36:10.867+0300][gc,init] Memory: 15902M
[2025-09-24T19:36:10.867+0300][gc,init] Large Page Support: Disabled
[2025-09-24T19:36:10.867+0300][gc,init] NUMA Support: Disabled
[2025-09-24T19:36:10.867+0300][gc,init] Compressed Oops: Enabled (32-bit)
[2025-09-24T19:36:10.867+0300][gc,init] Heap Region Size: 1M
[2025-09-24T19:36:10.867+0300][gc,init] Heap Min Capacity: 1G
[2025-09-24T19:36:10.867+0300][gc,init] Heap Initial Capacity: 1G
[2025-09-24T19:36:10.867+0300][gc,init] Heap Max Capacity: 1G
[2025-09-24T19:36:10.867+0300][gc,init] Pre-touch: Disabled
[2025-09-24T19:36:10.867+0300][gc,init] Parallel Workers: 20
[2025-09-24T19:36:10.867+0300][gc,init] Concurrent Workers: 5
[2025-09-24T19:36:10.867+0300][gc,init] Concurrent Refinement Workers: 20
[2025-09-24T19:36:10.867+0300][gc,init] Periodic GC: Disabled
[2025-09-24T19:36:10.871+0300][gc,metaspace] CDS archive(s) mapped at: [0x00007ff6cf000000-0x00007ff6cfca0000-0x00007ff6cfca0000), size 13238272, SharedBaseAddress: 0x00007ff6cf000000, ArchiveRelocationMode: 1.
[2025-09-24T19:36:10.871+0300][gc,metaspace] Compressed class space mapped at: 0x00007ff6d0000000-0x00007ff710000000, reserved size: 1073741824
[2025-09-24T19:36:10.871+0300][gc,metaspace] Narrow klass base: 0x00007ff6cf000000, Narrow klass shift: 0, Narrow klass range: 0x100000000
[2025-09-24T19:36:11.277+0300][gc,start    ] GC(0) Pause Young (Normal) (G1 Evacuation Pause)
[2025-09-24T19:36:11.278+0300][gc,task     ] GC(0) Using 20 workers of 20 for evacuation
[2025-09-24T19:36:11.283+0300][gc,phases   ] GC(0)   Pre Evacuate Collection Set: 0.2ms
[2025-09-24T19:36:11.283+0300][gc,phases   ] GC(0)   Merge Heap Roots: 0.1ms
[2025-09-24T19:36:11.283+0300][gc,phases   ] GC(0)   Evacuate Collection Set: 2.9ms
[2025-09-24T19:36:11.283+0300][gc,phases   ] GC(0)   Post Evacuate Collection Set: 0.9ms
[2025-09-24T19:36:11.283+0300][gc,phases   ] GC(0)   Other: 1.1ms
[2025-09-24T19:36:11.283+0300][gc,heap     ] GC(0) Eden regions: 51->0(44)
[2025-09-24T19:36:11.283+0300][gc,heap     ] GC(0) Survivor regions: 0->7(7)
[2025-09-24T19:36:11.283+0300][gc,heap     ] GC(0) Old regions: 2->4
[2025-09-24T19:36:11.283+0300][gc,heap     ] GC(0) Humongous regions: 0->0
[2025-09-24T19:36:11.283+0300][gc,metaspace] GC(0) Metaspace: 17730K(17984K)->17730K(17984K) NonClass: 15761K(15872K)->15761K(15872K) Class: 1968K(2112K)->1968K(2112K)
[2025-09-24T19:36:11.283+0300][gc          ] GC(0) Pause Young (Normal) (G1 Evacuation Pause) 52M->9M(1024M) 5.360ms
[2025-09-24T19:36:11.283+0300][gc,cpu      ] GC(0) User=0.03s Sys=0.02s Real=0.01s
[2025-09-24T19:36:11.332+0300][gc,start    ] GC(1) Pause Young (Concurrent Start) (Metadata GC Threshold)
[2025-09-24T19:36:11.332+0300][gc,task     ] GC(1) Using 20 workers of 20 for evacuation
[2025-09-24T19:36:11.336+0300][gc,phases   ] GC(1)   Pre Evacuate Collection Set: 0.2ms
[2025-09-24T19:36:11.336+0300][gc,phases   ] GC(1)   Merge Heap Roots: 0.1ms
[2025-09-24T19:36:11.336+0300][gc,phases   ] GC(1)   Evacuate Collection Set: 2.7ms
[2025-09-24T19:36:11.336+0300][gc,phases   ] GC(1)   Post Evacuate Collection Set: 0.6ms
[2025-09-24T19:36:11.336+0300][gc,phases   ] GC(1)   Other: 0.1ms
[2025-09-24T19:36:11.336+0300][gc,heap     ] GC(1) Eden regions: 12->0(50)
[2025-09-24T19:36:11.336+0300][gc,heap     ] GC(1) Survivor regions: 7->1(7)
[2025-09-24T19:36:11.336+0300][gc,heap     ] GC(1) Old regions: 4->11
[2025-09-24T19:36:11.336+0300][gc,heap     ] GC(1) Humongous regions: 0->0
[2025-09-24T19:36:11.336+0300][gc,metaspace] GC(1) Metaspace: 21309K(21504K)->21309K(21504K) NonClass: 19095K(19200K)->19095K(19200K) Class: 2213K(2304K)->2213K(2304K)
[2025-09-24T19:36:11.336+0300][gc          ] GC(1) Pause Young (Concurrent Start) (Metadata GC Threshold) 21M->10M(1024M) 3.824ms
[2025-09-24T19:36:11.336+0300][gc,cpu      ] GC(1) User=0.04s Sys=0.00s Real=0.00s
[2025-09-24T19:36:11.336+0300][gc          ] GC(2) Concurrent Mark Cycle
[2025-09-24T19:36:11.336+0300][gc,marking  ] GC(2) Concurrent Scan Root Regions
[2025-09-24T19:36:11.337+0300][gc,marking  ] GC(2) Concurrent Scan Root Regions 0.840ms
[2025-09-24T19:36:11.337+0300][gc,marking  ] GC(2) Concurrent Mark
[2025-09-24T19:36:11.337+0300][gc,marking  ] GC(2) Concurrent Mark From Roots
[2025-09-24T19:36:11.337+0300][gc,task     ] GC(2) Using 5 workers of 5 for marking
[2025-09-24T19:36:11.337+0300][gc,marking  ] GC(2) Concurrent Mark From Roots 0.728ms
[2025-09-24T19:36:11.337+0300][gc,marking  ] GC(2) Concurrent Preclean
[2025-09-24T19:36:11.337+0300][gc,marking  ] GC(2) Concurrent Preclean 0.005ms
[2025-09-24T19:36:11.337+0300][gc,start    ] GC(2) Pause Remark
[2025-09-24T19:36:11.339+0300][gc          ] GC(2) Pause Remark 11M->11M(1024M) 1.445ms
[2025-09-24T19:36:11.339+0300][gc,cpu      ] GC(2) User=0.00s Sys=0.00s Real=0.00s
[2025-09-24T19:36:11.339+0300][gc,marking  ] GC(2) Concurrent Mark 2.267ms
[2025-09-24T19:36:11.339+0300][gc,marking  ] GC(2) Concurrent Rebuild Remembered Sets and Scrub Regions
[2025-09-24T19:36:11.340+0300][gc,marking  ] GC(2) Concurrent Rebuild Remembered Sets and Scrub Regions 0.718ms
[2025-09-24T19:36:11.340+0300][gc,start    ] GC(2) Pause Cleanup
[2025-09-24T19:36:11.340+0300][gc          ] GC(2) Pause Cleanup 11M->11M(1024M) 0.170ms
[2025-09-24T19:36:11.340+0300][gc,cpu      ] GC(2) User=0.00s Sys=0.00s Real=0.00s
[2025-09-24T19:36:11.340+0300][gc,marking  ] GC(2) Concurrent Clear Claimed Marks
[2025-09-24T19:36:11.340+0300][gc,marking  ] GC(2) Concurrent Clear Claimed Marks 0.040ms
[2025-09-24T19:36:11.340+0300][gc,marking  ] GC(2) Concurrent Cleanup for Next Mark
[2025-09-24T19:36:11.341+0300][gc,marking  ] GC(2) Concurrent Cleanup for Next Mark 0.565ms
[2025-09-24T19:36:11.341+0300][gc          ] GC(2) Concurrent Mark Cycle 4.924ms
[2025-09-24T19:36:11.627+0300][gc,start    ] GC(3) Pause Young (Prepare Mixed) (G1 Evacuation Pause)
[2025-09-24T19:36:11.627+0300][gc,task     ] GC(3) Using 20 workers of 20 for evacuation
[2025-09-24T19:36:11.629+0300][gc,phases   ] GC(3)   Pre Evacuate Collection Set: 0.2ms
[2025-09-24T19:36:11.629+0300][gc,phases   ] GC(3)   Merge Heap Roots: 0.1ms
[2025-09-24T19:36:11.629+0300][gc,phases   ] GC(3)   Evacuate Collection Set: 0.9ms
[2025-09-24T19:36:11.629+0300][gc,phases   ] GC(3)   Post Evacuate Collection Set: 0.4ms
[2025-09-24T19:36:11.629+0300][gc,phases   ] GC(3)   Other: 0.0ms
[2025-09-24T19:36:11.629+0300][gc,heap     ] GC(3) Eden regions: 50->0(47)
[2025-09-24T19:36:11.629+0300][gc,heap     ] GC(3) Survivor regions: 1->4(7)
[2025-09-24T19:36:11.629+0300][gc,heap     ] GC(3) Old regions: 11->11
[2025-09-24T19:36:11.629+0300][gc,heap     ] GC(3) Humongous regions: 0->0
[2025-09-24T19:36:11.629+0300][gc,metaspace] GC(3) Metaspace: 29732K(30016K)->29732K(30016K) NonClass: 26480K(26624K)->26480K(26624K) Class: 3252K(3392K)->3252K(3392K)
[2025-09-24T19:36:11.629+0300][gc          ] GC(3) Pause Young (Prepare Mixed) (G1 Evacuation Pause) 60M->12M(1024M) 1.760ms
[2025-09-24T19:36:11.629+0300][gc,cpu      ] GC(3) User=0.01s Sys=0.00s Real=0.00s
[2025-09-24T19:36:11.838+0300][gc,start    ] GC(4) Pause Young (Mixed) (G1 Evacuation Pause)
[2025-09-24T19:36:11.838+0300][gc,task     ] GC(4) Using 20 workers of 20 for evacuation
[2025-09-24T19:36:11.841+0300][gc,phases   ] GC(4)   Pre Evacuate Collection Set: 0.3ms
[2025-09-24T19:36:11.841+0300][gc,phases   ] GC(4)   Merge Heap Roots: 0.1ms
[2025-09-24T19:36:11.841+0300][gc,phases   ] GC(4)   Evacuate Collection Set: 1.8ms
[2025-09-24T19:36:11.841+0300][gc,phases   ] GC(4)   Post Evacuate Collection Set: 0.7ms
[2025-09-24T19:36:11.841+0300][gc,phases   ] GC(4)   Other: 0.0ms
[2025-09-24T19:36:11.841+0300][gc,heap     ] GC(4) Eden regions: 47->0(44)
[2025-09-24T19:36:11.841+0300][gc,heap     ] GC(4) Survivor regions: 4->7(7)
[2025-09-24T19:36:11.841+0300][gc,heap     ] GC(4) Old regions: 11->10
[2025-09-24T19:36:11.841+0300][gc,heap     ] GC(4) Humongous regions: 11->9
[2025-09-24T19:36:11.841+0300][gc,metaspace] GC(4) Metaspace: 34968K(35328K)->34968K(35328K) NonClass: 31124K(31296K)->31124K(31296K) Class: 3844K(4032K)->3844K(4032K)
[2025-09-24T19:36:11.842+0300][gc          ] GC(4) Pause Young (Mixed) (G1 Evacuation Pause) 70M->24M(1024M) 3.128ms
[2025-09-24T19:36:11.842+0300][gc,cpu      ] GC(4) User=0.04s Sys=0.01s Real=0.00s
[2025-09-24T19:36:11.874+0300][gc,start    ] GC(5) Pause Young (Concurrent Start) (Metadata GC Threshold)
[2025-09-24T19:36:11.874+0300][gc,task     ] GC(5) Using 20 workers of 20 for evacuation
[2025-09-24T19:36:11.879+0300][gc,phases   ] GC(5)   Pre Evacuate Collection Set: 0.3ms
[2025-09-24T19:36:11.879+0300][gc,phases   ] GC(5)   Merge Heap Roots: 0.3ms
[2025-09-24T19:36:11.879+0300][gc,phases   ] GC(5)   Evacuate Collection Set: 2.9ms
[2025-09-24T19:36:11.879+0300][gc,phases   ] GC(5)   Post Evacuate Collection Set: 0.6ms
[2025-09-24T19:36:11.879+0300][gc,phases   ] GC(5)   Other: 0.1ms
[2025-09-24T19:36:11.879+0300][gc,heap     ] GC(5) Eden regions: 6->0(46)
[2025-09-24T19:36:11.879+0300][gc,heap     ] GC(5) Survivor regions: 7->5(7)
[2025-09-24T19:36:11.879+0300][gc,heap     ] GC(5) Old regions: 10->13
[2025-09-24T19:36:11.879+0300][gc,heap     ] GC(5) Humongous regions: 9->9
[2025-09-24T19:36:11.879+0300][gc,metaspace] GC(5) Metaspace: 35807K(36160K)->35807K(36160K) NonClass: 31900K(32064K)->31900K(32064K) Class: 3907K(4096K)->3907K(4096K)
[2025-09-24T19:36:11.879+0300][gc          ] GC(5) Pause Young (Concurrent Start) (Metadata GC Threshold) 29M->25M(1024M) 4.377ms
[2025-09-24T19:36:11.879+0300][gc,cpu      ] GC(5) User=0.04s Sys=0.00s Real=0.00s
[2025-09-24T19:36:11.879+0300][gc          ] GC(6) Concurrent Mark Cycle
[2025-09-24T19:36:11.879+0300][gc,marking  ] GC(6) Concurrent Scan Root Regions
[2025-09-24T19:36:11.880+0300][gc,marking  ] GC(6) Concurrent Scan Root Regions 0.917ms
[2025-09-24T19:36:11.880+0300][gc,marking  ] GC(6) Concurrent Mark
[2025-09-24T19:36:11.880+0300][gc,marking  ] GC(6) Concurrent Mark From Roots
[2025-09-24T19:36:11.880+0300][gc,task     ] GC(6) Using 5 workers of 5 for marking
[2025-09-24T19:36:11.882+0300][gc,marking  ] GC(6) Concurrent Mark From Roots 2.047ms
[2025-09-24T19:36:11.882+0300][gc,marking  ] GC(6) Concurrent Preclean
[2025-09-24T19:36:11.882+0300][gc,marking  ] GC(6) Concurrent Preclean 0.040ms
[2025-09-24T19:36:11.882+0300][gc,start    ] GC(6) Pause Remark
[2025-09-24T19:36:11.884+0300][gc          ] GC(6) Pause Remark 26M->26M(1024M) 1.950ms
[2025-09-24T19:36:11.884+0300][gc,cpu      ] GC(6) User=0.01s Sys=0.00s Real=0.00s
[2025-09-24T19:36:11.884+0300][gc,marking  ] GC(6) Concurrent Mark 4.422ms
[2025-09-24T19:36:11.884+0300][gc,marking  ] GC(6) Concurrent Rebuild Remembered Sets and Scrub Regions
[2025-09-24T19:36:11.885+0300][gc,marking  ] GC(6) Concurrent Rebuild Remembered Sets and Scrub Regions 1.209ms
[2025-09-24T19:36:11.885+0300][gc,start    ] GC(6) Pause Cleanup
[2025-09-24T19:36:11.886+0300][gc          ] GC(6) Pause Cleanup 26M->26M(1024M) 0.207ms
[2025-09-24T19:36:11.886+0300][gc,cpu      ] GC(6) User=0.00s Sys=0.00s Real=0.00s
[2025-09-24T19:36:11.886+0300][gc,marking  ] GC(6) Concurrent Clear Claimed Marks
[2025-09-24T19:36:11.886+0300][gc,marking  ] GC(6) Concurrent Clear Claimed Marks 0.045ms
[2025-09-24T19:36:11.886+0300][gc,marking  ] GC(6) Concurrent Cleanup for Next Mark
[2025-09-24T19:36:11.886+0300][gc,marking  ] GC(6) Concurrent Cleanup for Next Mark 0.425ms
[2025-09-24T19:36:11.886+0300][gc          ] GC(6) Concurrent Mark Cycle 7.531ms
[2025-09-24T19:36:12.701+0300][gc,start    ] GC(7) Pause Young (Prepare Mixed) (G1 Evacuation Pause)
[2025-09-24T19:36:12.701+0300][gc,task     ] GC(7) Using 20 workers of 20 for evacuation
[2025-09-24T19:36:12.705+0300][gc,phases   ] GC(7)   Pre Evacuate Collection Set: 0.5ms
[2025-09-24T19:36:12.705+0300][gc,phases   ] GC(7)   Merge Heap Roots: 0.2ms
[2025-09-24T19:36:12.705+0300][gc,phases   ] GC(7)   Evacuate Collection Set: 2.3ms
[2025-09-24T19:36:12.705+0300][gc,phases   ] GC(7)   Post Evacuate Collection Set: 0.6ms
[2025-09-24T19:36:12.705+0300][gc,phases   ] GC(7)   Other: 0.1ms
[2025-09-24T19:36:12.705+0300][gc,heap     ] GC(7) Eden regions: 46->0(47)
[2025-09-24T19:36:12.705+0300][gc,heap     ] GC(7) Survivor regions: 5->4(7)
[2025-09-24T19:36:12.705+0300][gc,heap     ] GC(7) Old regions: 13->16
[2025-09-24T19:36:12.705+0300][gc,heap     ] GC(7) Humongous regions: 162->144
[2025-09-24T19:36:12.705+0300][gc,metaspace] GC(7) Metaspace: 40871K(41344K)->40871K(41344K) NonClass: 36338K(36608K)->36338K(36608K) Class: 4533K(4736K)->4533K(4736K)
[2025-09-24T19:36:12.705+0300][gc          ] GC(7) Pause Young (Prepare Mixed) (G1 Evacuation Pause) 224M->163M(1024M) 3.673ms
[2025-09-24T19:36:12.705+0300][gc,cpu      ] GC(7) User=0.02s Sys=0.01s Real=0.01s
[2025-09-24T19:37:42.271+0300][gc,start    ] GC(8) Pause Young (Mixed) (G1 Evacuation Pause)
[2025-09-24T19:37:42.271+0300][gc,task     ] GC(8) Using 20 workers of 20 for evacuation
[2025-09-24T19:37:42.274+0300][gc,phases   ] GC(8)   Pre Evacuate Collection Set: 0.3ms
[2025-09-24T19:37:42.274+0300][gc,phases   ] GC(8)   Merge Heap Roots: 0.1ms
[2025-09-24T19:37:42.274+0300][gc,phases   ] GC(8)   Evacuate Collection Set: 1.6ms
[2025-09-24T19:37:42.274+0300][gc,phases   ] GC(8)   Post Evacuate Collection Set: 0.6ms
[2025-09-24T19:37:42.274+0300][gc,phases   ] GC(8)   Other: 0.0ms
[2025-09-24T19:37:42.274+0300][gc,heap     ] GC(8) Eden regions: 47->0(47)
[2025-09-24T19:37:42.274+0300][gc,heap     ] GC(8) Survivor regions: 4->4(7)
[2025-09-24T19:37:42.274+0300][gc,heap     ] GC(8) Old regions: 16->17
[2025-09-24T19:37:42.274+0300][gc,heap     ] GC(8) Humongous regions: 144->9
[2025-09-24T19:37:42.274+0300][gc,metaspace] GC(8) Metaspace: 45664K(46400K)->45664K(46400K) NonClass: 40307K(40768K)->40307K(40768K) Class: 5357K(5632K)->5357K(5632K)
[2025-09-24T19:37:42.274+0300][gc          ] GC(8) Pause Young (Mixed) (G1 Evacuation Pause) 210M->29M(1024M) 2.736ms
[2025-09-24T19:37:42.274+0300][gc,cpu      ] GC(8) User=0.02s Sys=0.00s Real=0.00s
[2025-09-24T19:37:42.281+0300][gc,heap,exit] Heap
[2025-09-24T19:37:42.281+0300][gc,heap,exit]  garbage-first heap   total 1048576K, used 31835K [0x00000000c0000000, 0x0000000100000000)
[2025-09-24T19:37:42.281+0300][gc,heap,exit]   region size 1024K, 6 young (6144K), 4 survivors (4096K)
[2025-09-24T19:37:42.281+0300][gc,heap,exit]  Metaspace       used 45723K, committed 46464K, reserved 1114112K
[2025-09-24T19:37:42.281+0300][gc,heap,exit]   class space    used 5376K, committed 5696K, reserved 1048576K
