[2025-09-24T19:14:45.204+0300][gc,init] CardTable entry size: 512
[2025-09-24T19:14:45.204+0300][gc     ] Using G1
[2025-09-24T19:14:45.207+0300][gc,init] Version: 21.0.8+9-Ubuntu-0ubuntu124.04.1 (release)
[2025-09-24T19:14:45.207+0300][gc,init] CPUs: 28 total, 28 available
[2025-09-24T19:14:45.207+0300][gc,init] Memory: 15902M
[2025-09-24T19:14:45.207+0300][gc,init] Large Page Support: Disabled
[2025-09-24T19:14:45.207+0300][gc,init] NUMA Support: Disabled
[2025-09-24T19:14:45.207+0300][gc,init] Compressed Oops: Enabled (32-bit)
[2025-09-24T19:14:45.207+0300][gc,init] Heap Region Size: 1M
[2025-09-24T19:14:45.207+0300][gc,init] Heap Min Capacity: 1G
[2025-09-24T19:14:45.207+0300][gc,init] Heap Initial Capacity: 1G
[2025-09-24T19:14:45.207+0300][gc,init] Heap Max Capacity: 1G
[2025-09-24T19:14:45.207+0300][gc,init] Pre-touch: Disabled
[2025-09-24T19:14:45.207+0300][gc,init] Parallel Workers: 20
[2025-09-24T19:14:45.207+0300][gc,init] Concurrent Workers: 5
[2025-09-24T19:14:45.207+0300][gc,init] Concurrent Refinement Workers: 20
[2025-09-24T19:14:45.207+0300][gc,init] Periodic GC: Disabled
[2025-09-24T19:14:45.211+0300][gc,metaspace] CDS archive(s) mapped at: [0x00007fe6fb000000-0x00007fe6fbca0000-0x00007fe6fbca0000), size 13238272, SharedBaseAddress: 0x00007fe6fb000000, ArchiveRelocationMode: 1.
[2025-09-24T19:14:45.211+0300][gc,metaspace] Compressed class space mapped at: 0x00007fe6fc000000-0x00007fe73c000000, reserved size: 1073741824
[2025-09-24T19:14:45.211+0300][gc,metaspace] Narrow klass base: 0x00007fe6fb000000, Narrow klass shift: 0, Narrow klass range: 0x100000000
[2025-09-24T19:14:45.624+0300][gc,start    ] GC(0) Pause Young (Normal) (G1 Evacuation Pause)
[2025-09-24T19:14:45.625+0300][gc,task     ] GC(0) Using 20 workers of 20 for evacuation
[2025-09-24T19:14:45.629+0300][gc,phases   ] GC(0)   Pre Evacuate Collection Set: 0.2ms
[2025-09-24T19:14:45.629+0300][gc,phases   ] GC(0)   Merge Heap Roots: 0.1ms
[2025-09-24T19:14:45.629+0300][gc,phases   ] GC(0)   Evacuate Collection Set: 2.7ms
[2025-09-24T19:14:45.629+0300][gc,phases   ] GC(0)   Post Evacuate Collection Set: 0.9ms
[2025-09-24T19:14:45.629+0300][gc,phases   ] GC(0)   Other: 1.0ms
[2025-09-24T19:14:45.629+0300][gc,heap     ] GC(0) Eden regions: 51->0(44)
[2025-09-24T19:14:45.629+0300][gc,heap     ] GC(0) Survivor regions: 0->7(7)
[2025-09-24T19:14:45.629+0300][gc,heap     ] GC(0) Old regions: 2->4
[2025-09-24T19:14:45.629+0300][gc,heap     ] GC(0) Humongous regions: 0->0
[2025-09-24T19:14:45.629+0300][gc,metaspace] GC(0) Metaspace: 17726K(17984K)->17726K(17984K) NonClass: 15757K(15872K)->15757K(15872K) Class: 1968K(2112K)->1968K(2112K)
[2025-09-24T19:14:45.629+0300][gc          ] GC(0) Pause Young (Normal) (G1 Evacuation Pause) 52M->9M(1024M) 5.090ms
[2025-09-24T19:14:45.629+0300][gc,cpu      ] GC(0) User=0.03s Sys=0.01s Real=0.01s
[2025-09-24T19:14:45.678+0300][gc,start    ] GC(1) Pause Young (Concurrent Start) (Metadata GC Threshold)
[2025-09-24T19:14:45.678+0300][gc,task     ] GC(1) Using 20 workers of 20 for evacuation
[2025-09-24T19:14:45.682+0300][gc,phases   ] GC(1)   Pre Evacuate Collection Set: 0.2ms
[2025-09-24T19:14:45.682+0300][gc,phases   ] GC(1)   Merge Heap Roots: 0.1ms
[2025-09-24T19:14:45.682+0300][gc,phases   ] GC(1)   Evacuate Collection Set: 3.0ms
[2025-09-24T19:14:45.682+0300][gc,phases   ] GC(1)   Post Evacuate Collection Set: 0.5ms
[2025-09-24T19:14:45.682+0300][gc,phases   ] GC(1)   Other: 0.1ms
[2025-09-24T19:14:45.682+0300][gc,heap     ] GC(1) Eden regions: 12->0(50)
[2025-09-24T19:14:45.682+0300][gc,heap     ] GC(1) Survivor regions: 7->1(7)
[2025-09-24T19:14:45.682+0300][gc,heap     ] GC(1) Old regions: 4->11
[2025-09-24T19:14:45.682+0300][gc,heap     ] GC(1) Humongous regions: 0->0
[2025-09-24T19:14:45.682+0300][gc,metaspace] GC(1) Metaspace: 21304K(21504K)->21304K(21504K) NonClass: 19090K(19200K)->19090K(19200K) Class: 2213K(2304K)->2213K(2304K)
[2025-09-24T19:14:45.682+0300][gc          ] GC(1) Pause Young (Concurrent Start) (Metadata GC Threshold) 21M->10M(1024M) 3.986ms
[2025-09-24T19:14:45.682+0300][gc,cpu      ] GC(1) User=0.04s Sys=0.00s Real=0.00s
[2025-09-24T19:14:45.682+0300][gc          ] GC(2) Concurrent Mark Cycle
[2025-09-24T19:14:45.682+0300][gc,marking  ] GC(2) Concurrent Scan Root Regions
[2025-09-24T19:14:45.683+0300][gc,marking  ] GC(2) Concurrent Scan Root Regions 0.714ms
[2025-09-24T19:14:45.683+0300][gc,marking  ] GC(2) Concurrent Mark
[2025-09-24T19:14:45.683+0300][gc,marking  ] GC(2) Concurrent Mark From Roots
[2025-09-24T19:14:45.683+0300][gc,task     ] GC(2) Using 5 workers of 5 for marking
[2025-09-24T19:14:45.684+0300][gc,marking  ] GC(2) Concurrent Mark From Roots 1.060ms
[2025-09-24T19:14:45.684+0300][gc,marking  ] GC(2) Concurrent Preclean
[2025-09-24T19:14:45.684+0300][gc,marking  ] GC(2) Concurrent Preclean 0.004ms
[2025-09-24T19:14:45.684+0300][gc,start    ] GC(2) Pause Remark
[2025-09-24T19:14:45.685+0300][gc          ] GC(2) Pause Remark 11M->11M(1024M) 1.549ms
[2025-09-24T19:14:45.685+0300][gc,cpu      ] GC(2) User=0.01s Sys=0.00s Real=0.00s
[2025-09-24T19:14:45.685+0300][gc,marking  ] GC(2) Concurrent Mark 2.770ms
[2025-09-24T19:14:45.685+0300][gc,marking  ] GC(2) Concurrent Rebuild Remembered Sets and Scrub Regions
[2025-09-24T19:14:45.686+0300][gc,marking  ] GC(2) Concurrent Rebuild Remembered Sets and Scrub Regions 0.497ms
[2025-09-24T19:14:45.686+0300][gc,start    ] GC(2) Pause Cleanup
[2025-09-24T19:14:45.686+0300][gc          ] GC(2) Pause Cleanup 11M->11M(1024M) 0.164ms
[2025-09-24T19:14:45.686+0300][gc,cpu      ] GC(2) User=0.00s Sys=0.00s Real=0.00s
[2025-09-24T19:14:45.686+0300][gc,marking  ] GC(2) Concurrent Clear Claimed Marks
[2025-09-24T19:14:45.686+0300][gc,marking  ] GC(2) Concurrent Clear Claimed Marks 0.025ms
[2025-09-24T19:14:45.686+0300][gc,marking  ] GC(2) Concurrent Cleanup for Next Mark
[2025-09-24T19:14:45.687+0300][gc,marking  ] GC(2) Concurrent Cleanup for Next Mark 0.626ms
[2025-09-24T19:14:45.687+0300][gc          ] GC(2) Concurrent Mark Cycle 5.042ms
[2025-09-24T19:14:46.007+0300][gc,start    ] GC(3) Pause Young (Prepare Mixed) (G1 Evacuation Pause)
[2025-09-24T19:14:46.007+0300][gc,task     ] GC(3) Using 20 workers of 20 for evacuation
[2025-09-24T19:14:46.009+0300][gc,phases   ] GC(3)   Pre Evacuate Collection Set: 0.2ms
[2025-09-24T19:14:46.009+0300][gc,phases   ] GC(3)   Merge Heap Roots: 0.1ms
[2025-09-24T19:14:46.009+0300][gc,phases   ] GC(3)   Evacuate Collection Set: 0.9ms
[2025-09-24T19:14:46.009+0300][gc,phases   ] GC(3)   Post Evacuate Collection Set: 0.5ms
[2025-09-24T19:14:46.009+0300][gc,phases   ] GC(3)   Other: 0.0ms
[2025-09-24T19:14:46.009+0300][gc,heap     ] GC(3) Eden regions: 50->0(47)
[2025-09-24T19:14:46.009+0300][gc,heap     ] GC(3) Survivor regions: 1->4(7)
[2025-09-24T19:14:46.009+0300][gc,heap     ] GC(3) Old regions: 11->11
[2025-09-24T19:14:46.009+0300][gc,heap     ] GC(3) Humongous regions: 0->0
[2025-09-24T19:14:46.009+0300][gc,metaspace] GC(3) Metaspace: 29864K(30144K)->29864K(30144K) NonClass: 26591K(26752K)->26591K(26752K) Class: 3272K(3392K)->3272K(3392K)
[2025-09-24T19:14:46.009+0300][gc          ] GC(3) Pause Young (Prepare Mixed) (G1 Evacuation Pause) 60M->12M(1024M) 1.923ms
[2025-09-24T19:14:46.009+0300][gc,cpu      ] GC(3) User=0.01s Sys=0.00s Real=0.01s
[2025-09-24T19:14:46.197+0300][gc,start    ] GC(4) Pause Young (Mixed) (G1 Evacuation Pause)
[2025-09-24T19:14:46.197+0300][gc,task     ] GC(4) Using 20 workers of 20 for evacuation
[2025-09-24T19:14:46.199+0300][gc,phases   ] GC(4)   Pre Evacuate Collection Set: 0.2ms
[2025-09-24T19:14:46.199+0300][gc,phases   ] GC(4)   Merge Heap Roots: 0.2ms
[2025-09-24T19:14:46.199+0300][gc,phases   ] GC(4)   Evacuate Collection Set: 1.7ms
[2025-09-24T19:14:46.199+0300][gc,phases   ] GC(4)   Post Evacuate Collection Set: 0.6ms
[2025-09-24T19:14:46.199+0300][gc,phases   ] GC(4)   Other: 0.0ms
[2025-09-24T19:14:46.199+0300][gc,heap     ] GC(4) Eden regions: 47->0(44)
[2025-09-24T19:14:46.199+0300][gc,heap     ] GC(4) Survivor regions: 4->7(7)
[2025-09-24T19:14:46.199+0300][gc,heap     ] GC(4) Old regions: 11->10
[2025-09-24T19:14:46.199+0300][gc,heap     ] GC(4) Humongous regions: 11->9
[2025-09-24T19:14:46.199+0300][gc,metaspace] GC(4) Metaspace: 35721K(36096K)->35721K(36096K) NonClass: 31826K(32000K)->31826K(32000K) Class: 3895K(4096K)->3895K(4096K)
[2025-09-24T19:14:46.199+0300][gc          ] GC(4) Pause Young (Mixed) (G1 Evacuation Pause) 70M->25M(1024M) 2.855ms
[2025-09-24T19:14:46.199+0300][gc,cpu      ] GC(4) User=0.03s Sys=0.00s Real=0.01s
[2025-09-24T19:14:46.202+0300][gc,start    ] GC(5) Pause Young (Concurrent Start) (Metadata GC Threshold)
[2025-09-24T19:14:46.202+0300][gc,task     ] GC(5) Using 20 workers of 20 for evacuation
[2025-09-24T19:14:46.206+0300][gc,phases   ] GC(5)   Pre Evacuate Collection Set: 0.3ms
[2025-09-24T19:14:46.206+0300][gc,phases   ] GC(5)   Merge Heap Roots: 0.1ms
[2025-09-24T19:14:46.206+0300][gc,phases   ] GC(5)   Evacuate Collection Set: 2.4ms
[2025-09-24T19:14:46.206+0300][gc,phases   ] GC(5)   Post Evacuate Collection Set: 0.6ms
[2025-09-24T19:14:46.206+0300][gc,phases   ] GC(5)   Other: 0.1ms
[2025-09-24T19:14:46.206+0300][gc,heap     ] GC(5) Eden regions: 2->0(46)
[2025-09-24T19:14:46.206+0300][gc,heap     ] GC(5) Survivor regions: 7->5(7)
[2025-09-24T19:14:46.206+0300][gc,heap     ] GC(5) Old regions: 10->13
[2025-09-24T19:14:46.206+0300][gc,heap     ] GC(5) Humongous regions: 9->9
[2025-09-24T19:14:46.206+0300][gc,metaspace] GC(5) Metaspace: 35799K(36160K)->35799K(36160K) NonClass: 31899K(32064K)->31899K(32064K) Class: 3900K(4096K)->3900K(4096K)
[2025-09-24T19:14:46.206+0300][gc          ] GC(5) Pause Young (Concurrent Start) (Metadata GC Threshold) 26M->26M(1024M) 3.606ms
[2025-09-24T19:14:46.206+0300][gc          ] GC(6) Concurrent Mark Cycle
[2025-09-24T19:14:46.206+0300][gc,marking  ] GC(6) Concurrent Scan Root Regions
[2025-09-24T19:14:46.206+0300][gc,cpu      ] GC(5) User=0.03s Sys=0.00s Real=0.00s
[2025-09-24T19:14:46.207+0300][gc,marking  ] GC(6) Concurrent Scan Root Regions 1.087ms
[2025-09-24T19:14:46.207+0300][gc,marking  ] GC(6) Concurrent Mark
[2025-09-24T19:14:46.207+0300][gc,marking  ] GC(6) Concurrent Mark From Roots
[2025-09-24T19:14:46.207+0300][gc,task     ] GC(6) Using 5 workers of 5 for marking
[2025-09-24T19:14:46.209+0300][gc,marking  ] GC(6) Concurrent Mark From Roots 1.915ms
[2025-09-24T19:14:46.209+0300][gc,marking  ] GC(6) Concurrent Preclean
[2025-09-24T19:14:46.209+0300][gc,marking  ] GC(6) Concurrent Preclean 0.030ms
[2025-09-24T19:14:46.209+0300][gc,start    ] GC(6) Pause Remark
[2025-09-24T19:14:46.211+0300][gc          ] GC(6) Pause Remark 27M->27M(1024M) 2.248ms
[2025-09-24T19:14:46.211+0300][gc,cpu      ] GC(6) User=0.01s Sys=0.00s Real=0.00s
[2025-09-24T19:14:46.211+0300][gc,marking  ] GC(6) Concurrent Mark 4.389ms
[2025-09-24T19:14:46.211+0300][gc,marking  ] GC(6) Concurrent Rebuild Remembered Sets and Scrub Regions
[2025-09-24T19:14:46.212+0300][gc,marking  ] GC(6) Concurrent Rebuild Remembered Sets and Scrub Regions 1.222ms
[2025-09-24T19:14:46.213+0300][gc,start    ] GC(6) Pause Cleanup
[2025-09-24T19:14:46.213+0300][gc          ] GC(6) Pause Cleanup 27M->27M(1024M) 0.203ms
[2025-09-24T19:14:46.213+0300][gc,cpu      ] GC(6) User=0.00s Sys=0.00s Real=0.00s
[2025-09-24T19:14:46.213+0300][gc,marking  ] GC(6) Concurrent Clear Claimed Marks
[2025-09-24T19:14:46.213+0300][gc,marking  ] GC(6) Concurrent Clear Claimed Marks 0.053ms
[2025-09-24T19:14:46.213+0300][gc,marking  ] GC(6) Concurrent Cleanup for Next Mark
[2025-09-24T19:14:46.214+0300][gc,marking  ] GC(6) Concurrent Cleanup for Next Mark 0.394ms
[2025-09-24T19:14:46.214+0300][gc          ] GC(6) Concurrent Mark Cycle 8.290ms
[2025-09-24T19:14:47.028+0300][gc,start    ] GC(7) Pause Young (Prepare Mixed) (G1 Evacuation Pause)
[2025-09-24T19:14:47.028+0300][gc,task     ] GC(7) Using 20 workers of 20 for evacuation
[2025-09-24T19:14:47.031+0300][gc,phases   ] GC(7)   Pre Evacuate Collection Set: 0.2ms
[2025-09-24T19:14:47.031+0300][gc,phases   ] GC(7)   Merge Heap Roots: 0.1ms
[2025-09-24T19:14:47.031+0300][gc,phases   ] GC(7)   Evacuate Collection Set: 1.8ms
[2025-09-24T19:14:47.031+0300][gc,phases   ] GC(7)   Post Evacuate Collection Set: 0.7ms
[2025-09-24T19:14:47.031+0300][gc,phases   ] GC(7)   Other: 0.0ms
[2025-09-24T19:14:47.031+0300][gc,heap     ] GC(7) Eden regions: 46->0(47)
[2025-09-24T19:14:47.031+0300][gc,heap     ] GC(7) Survivor regions: 5->4(7)
[2025-09-24T19:14:47.031+0300][gc,heap     ] GC(7) Old regions: 13->17
[2025-09-24T19:14:47.031+0300][gc,heap     ] GC(7) Humongous regions: 162->144
[2025-09-24T19:14:47.031+0300][gc,metaspace] GC(7) Metaspace: 40845K(41280K)->40845K(41280K) NonClass: 36313K(36544K)->36313K(36544K) Class: 4531K(4736K)->4531K(4736K)
[2025-09-24T19:14:47.031+0300][gc          ] GC(7) Pause Young (Prepare Mixed) (G1 Evacuation Pause) 225M->163M(1024M) 3.026ms
[2025-09-24T19:14:47.031+0300][gc,cpu      ] GC(7) User=0.03s Sys=0.00s Real=0.00s
[2025-09-24T19:17:24.981+0300][gc,start    ] GC(8) Pause Young (Mixed) (G1 Evacuation Pause)
[2025-09-24T19:17:24.981+0300][gc,task     ] GC(8) Using 20 workers of 20 for evacuation
[2025-09-24T19:17:24.984+0300][gc,phases   ] GC(8)   Pre Evacuate Collection Set: 0.5ms
[2025-09-24T19:17:24.984+0300][gc,phases   ] GC(8)   Merge Heap Roots: 0.2ms
[2025-09-24T19:17:24.984+0300][gc,phases   ] GC(8)   Evacuate Collection Set: 1.6ms
[2025-09-24T19:17:24.984+0300][gc,phases   ] GC(8)   Post Evacuate Collection Set: 0.8ms
[2025-09-24T19:17:24.984+0300][gc,phases   ] GC(8)   Other: 0.1ms
[2025-09-24T19:17:24.984+0300][gc,heap     ] GC(8) Eden regions: 47->0(44)
[2025-09-24T19:17:24.984+0300][gc,heap     ] GC(8) Survivor regions: 4->7(7)
[2025-09-24T19:17:24.984+0300][gc,heap     ] GC(8) Old regions: 17->17
[2025-09-24T19:17:24.984+0300][gc,heap     ] GC(8) Humongous regions: 144->138
[2025-09-24T19:17:24.984+0300][gc,metaspace] GC(8) Metaspace: 45142K(45824K)->45142K(45824K) NonClass: 39977K(40384K)->39977K(40384K) Class: 5164K(5440K)->5164K(5440K)
[2025-09-24T19:17:24.984+0300][gc          ] GC(8) Pause Young (Mixed) (G1 Evacuation Pause) 210M->161M(1024M) 3.230ms
[2025-09-24T19:17:24.984+0300][gc,cpu      ] GC(8) User=0.02s Sys=0.01s Real=0.00s
[2025-09-24T19:20:33.483+0300][gc,start    ] GC(9) Pause Young (Normal) (G1 Evacuation Pause)
[2025-09-24T19:20:33.483+0300][gc,task     ] GC(9) Using 20 workers of 20 for evacuation
[2025-09-24T19:20:33.488+0300][gc,phases   ] GC(9)   Pre Evacuate Collection Set: 0.8ms
[2025-09-24T19:20:33.488+0300][gc,phases   ] GC(9)   Merge Heap Roots: 0.3ms
[2025-09-24T19:20:33.488+0300][gc,phases   ] GC(9)   Evacuate Collection Set: 2.4ms
[2025-09-24T19:20:33.488+0300][gc,phases   ] GC(9)   Post Evacuate Collection Set: 1.2ms
[2025-09-24T19:20:33.488+0300][gc,phases   ] GC(9)   Other: 0.1ms
[2025-09-24T19:20:33.488+0300][gc,heap     ] GC(9) Eden regions: 44->0(47)
[2025-09-24T19:20:33.488+0300][gc,heap     ] GC(9) Survivor regions: 7->4(7)
[2025-09-24T19:20:33.488+0300][gc,heap     ] GC(9) Old regions: 17->20
[2025-09-24T19:20:33.488+0300][gc,heap     ] GC(9) Humongous regions: 138->138
[2025-09-24T19:20:33.488+0300][gc,metaspace] GC(9) Metaspace: 45518K(46208K)->45518K(46208K) NonClass: 40348K(40768K)->40348K(40768K) Class: 5169K(5440K)->5169K(5440K)
[2025-09-24T19:20:33.488+0300][gc          ] GC(9) Pause Young (Normal) (G1 Evacuation Pause) 205M->160M(1024M) 5.048ms
[2025-09-24T19:20:33.488+0300][gc,cpu      ] GC(9) User=0.03s Sys=0.00s Real=0.00s
[2025-09-24T19:24:17.565+0300][gc,start    ] GC(10) Pause Young (Normal) (G1 Evacuation Pause)
[2025-09-24T19:24:17.566+0300][gc,task     ] GC(10) Using 20 workers of 20 for evacuation
[2025-09-24T19:24:17.571+0300][gc,phases   ] GC(10)   Pre Evacuate Collection Set: 0.8ms
[2025-09-24T19:24:17.571+0300][gc,phases   ] GC(10)   Merge Heap Roots: 0.4ms
[2025-09-24T19:24:17.571+0300][gc,phases   ] GC(10)   Evacuate Collection Set: 2.4ms
[2025-09-24T19:24:17.571+0300][gc,phases   ] GC(10)   Post Evacuate Collection Set: 1.8ms
[2025-09-24T19:24:17.571+0300][gc,phases   ] GC(10)   Other: 0.2ms
[2025-09-24T19:24:17.571+0300][gc,heap     ] GC(10) Eden regions: 47->0(45)
[2025-09-24T19:24:17.571+0300][gc,heap     ] GC(10) Survivor regions: 4->6(7)
[2025-09-24T19:24:17.571+0300][gc,heap     ] GC(10) Old regions: 20->20
[2025-09-24T19:24:17.571+0300][gc,heap     ] GC(10) Humongous regions: 138->138
[2025-09-24T19:24:17.571+0300][gc,metaspace] GC(10) Metaspace: 45773K(46464K)->45773K(46464K) NonClass: 40603K(41024K)->40603K(41024K) Class: 5169K(5440K)->5169K(5440K)
[2025-09-24T19:24:17.571+0300][gc          ] GC(10) Pause Young (Normal) (G1 Evacuation Pause) 207M->162M(1024M) 5.930ms
[2025-09-24T19:24:17.571+0300][gc,cpu      ] GC(10) User=0.03s Sys=0.02s Real=0.01s
[2025-09-24T19:25:55.388+0300][gc,heap,exit] Heap
[2025-09-24T19:25:55.388+0300][gc,heap,exit]  garbage-first heap   total 1048576K, used 200917K [0x00000000c0000000, 0x0000000100000000)
[2025-09-24T19:25:55.388+0300][gc,heap,exit]   region size 1024K, 40 young (40960K), 6 survivors (6144K)
[2025-09-24T19:25:55.388+0300][gc,heap,exit]  Metaspace       used 46763K, committed 47488K, reserved 1114112K
[2025-09-24T19:25:55.388+0300][gc,heap,exit]   class space    used 5395K, committed 5696K, reserved 1048576K
